Component: ARM Compiler 5.06 update 2 (build 183) Tool: armlink [4d35b7]

==============================================================================

Section Cross References

    workaround.o(WORKAROUND) refers to startup_sam.o(vectors) for __vector_table
    main.o(i.MCAN1_Line1_Handler) refers to _printf_percent.o(.ARM.Collect$$_printf_percent$$00000000) for _printf_percent
    main.o(i.MCAN1_Line1_Handler) refers to _printf_x.o(.ARM.Collect$$_printf_percent$$0000000C) for _printf_x
    main.o(i.MCAN1_Line1_Handler) refers to _printf_hex_int.o(.text) for _printf_longlong_hex
    main.o(i.MCAN1_Line1_Handler) refers to mcan.o(i.MCAN_IsNewDataInRxDedBuffer) for MCAN_IsNewDataInRxDedBuffer
    main.o(i.MCAN1_Line1_Handler) refers to mcan.o(i.MCAN_GetRxDedBuffer) for MCAN_GetRxDedBuffer
    main.o(i.MCAN1_Line1_Handler) refers to noretval__2printf.o(.text) for __2printf
    main.o(i.MCAN1_Line1_Handler) refers to led.o(i.LED_Toggle) for LED_Toggle
    main.o(i.MCAN1_Line1_Handler) refers to mcan.o(.constdata) for mcan1Config
    main.o(i.MCAN1_Line1_Handler) refers to main.o(.bss) for rxMailbox0
    main.o(i.MCAN1_Line1_Handler) refers to main.o(.data) for rxdCntr
    main.o(i.TC0_Handler) refers to main.o(.data) for tick
    main.o(i._ConfigureTc) refers to pmc.o(i.PMC_EnablePeripheral) for PMC_EnablePeripheral
    main.o(i._ConfigureTc) refers to tc.o(i.TC_FindMckDivisor) for TC_FindMckDivisor
    main.o(i._ConfigureTc) refers to tc.o(i.TC_Configure) for TC_Configure
    main.o(i._ConfigureTc) refers to tc.o(i.TC_Start) for TC_Start
    main.o(i.main) refers to _printf_percent.o(.ARM.Collect$$_printf_percent$$00000000) for _printf_percent
    main.o(i.main) refers to _printf_s.o(.ARM.Collect$$_printf_percent$$00000014) for _printf_s
    main.o(i.main) refers to _printf_str.o(.text) for _printf_str
    main.o(i.main) refers to wdt.o(i.WDT_Disable) for WDT_Disable
    main.o(i.main) refers to noretval__2printf.o(.text) for __2printf
    main.o(i.main) refers to main.o(i.SCB_EnableDCache) for SCB_EnableDCache
    main.o(i.main) refers to timetick.o(i.TimeTick_Configure) for TimeTick_Configure
    main.o(i.main) refers to led.o(i.LED_Configure) for LED_Configure
    main.o(i.main) refers to main.o(i._ConfigureTc) for _ConfigureTc
    main.o(i.main) refers to pio.o(i.PIO_Configure) for PIO_Configure
    main.o(i.main) refers to pio.o(i.PIO_SetDebounceFilter) for PIO_SetDebounceFilter
    main.o(i.main) refers to system_same70.o(i.SystemCoreClockUpdate) for SystemCoreClockUpdate
    main.o(i.main) refers to mcan.o(i.MCAN_Init) for MCAN_Init
    main.o(i.main) refers to mcan.o(i.MCAN_InitFdBitRateSwitchEnable) for MCAN_InitFdBitRateSwitchEnable
    main.o(i.main) refers to mcan.o(i.MCAN_InitTxQueue) for MCAN_InitTxQueue
    main.o(i.main) refers to mcan.o(i.MCAN_InitLoopback) for MCAN_InitLoopback
    main.o(i.main) refers to mcan.o(i.MCAN_Enable) for MCAN_Enable
    main.o(i.main) refers to mcan.o(i.MCAN_IEnableMessageStoredToRxDedBuffer) for MCAN_IEnableMessageStoredToRxDedBuffer
    main.o(i.main) refers to mcan.o(i.MCAN_ConfigTxDedBuffer) for MCAN_ConfigTxDedBuffer
    main.o(i.main) refers to mcan.o(i.MCAN_ConfigRxBufferFilter) for MCAN_ConfigRxBufferFilter
    main.o(i.main) refers to mcan.o(i.MCAN_ConfigRxClassicFilter) for MCAN_ConfigRxClassicFilter
    main.o(i.main) refers to pio.o(i.PIO_Get) for PIO_Get
    main.o(i.main) refers to mcan.o(i.MCAN_SendTxDedBuffer) for MCAN_SendTxDedBuffer
    main.o(i.main) refers to mcan.o(i.MCAN_AddToTxFifoQ) for MCAN_AddToTxFifoQ
    main.o(i.main) refers to mcan.o(i.MCAN_IsBufferTxd) for MCAN_IsBufferTxd
    main.o(i.main) refers to mcan.o(i.MCAN_GetRxFifoBuffer) for MCAN_GetRxFifoBuffer
    main.o(i.main) refers to main.o(.constdata) for pushbutton
    main.o(i.main) refers to mcan.o(.constdata) for mcan1Config
    main.o(i.main) refers to main.o(.data) for txMailbox0
    main.o(i.main) refers to main.o(.bss) for rxMailbox2
    exceptions.o(i.BusFault_Handler) refers to _printf_percent.o(.ARM.Collect$$_printf_percent$$00000000) for _printf_percent
    exceptions.o(i.BusFault_Handler) refers to _printf_x.o(.ARM.Collect$$_printf_percent$$0000000C) for _printf_x
    exceptions.o(i.BusFault_Handler) refers to _printf_hex_int.o(.text) for _printf_longlong_hex
    exceptions.o(i.BusFault_Handler) refers to exceptions.o(i.StackUnwind) for StackUnwind
    exceptions.o(i.BusFault_Handler) refers to noretval__2printf.o(.text) for __2printf
    exceptions.o(i.HardFault_Handler) refers to _printf_percent.o(.ARM.Collect$$_printf_percent$$00000000) for _printf_percent
    exceptions.o(i.HardFault_Handler) refers to _printf_x.o(.ARM.Collect$$_printf_percent$$0000000C) for _printf_x
    exceptions.o(i.HardFault_Handler) refers to _printf_hex_int.o(.text) for _printf_longlong_hex
    exceptions.o(i.HardFault_Handler) refers to exceptions.o(i.StackUnwind) for StackUnwind
[...]
    Removing uart.o(i.UART_IsTxReady), (10 bytes).
    Removing uart.o(i.UART_IsTxSent), (10 bytes).
    Removing uart.o(i.UART_PutChar), (42 bytes).
    Removing uart.o(i.UART_ReceiveBuffer), (32 bytes).
    Removing uart.o(i.UART_SendBuffer), (38 bytes).
    Removing uart.o(i.UART_SetReceiverEnabled), (14 bytes).
    Removing uart.o(i.UART_SetTransmitterEnabled), (14 bytes).
    Removing uart.o(.data), (5 bytes).
    Removing wdt.o(.rev16_text), (4 bytes).
    Removing wdt.o(.revsh_text), (4 bytes).
    Removing wdt.o(.rrx_text), (6 bytes).
    Removing wdt.o(i.WDT_Enable), (4 bytes).
    Removing wdt.o(i.WDT_GetPeriod), (28 bytes).
    Removing wdt.o(i.WDT_GetStatus), (10 bytes).
    Removing wdt.o(i.WDT_Restart), (12 bytes).
    Removing wdt.o(.data), (5 bytes).
    Removing xdma_hardware_interface.o(.rev16_text), (4 bytes).
    Removing xdma_hardware_interface.o(.revsh_text), (4 bytes).
    Removing xdma_hardware_interface.o(.rrx_text), (6 bytes).
    Removing xdma_hardware_interface.o(i.XDMAIF_Get_ChannelNumber), (88 bytes).
    Removing xdma_hardware_interface.o(i.XDMAIF_IsValidatedPeripherOnDma), (68 bytes).
    Removing xdma_hardware_interface.o(.constdata), (540 bytes).
    Removing xdma_hardware_interface.o(.data), (5 bytes).
    Removing xdmac.o(.rev16_text), (4 bytes).
    Removing xdmac.o(.revsh_text), (4 bytes).
    Removing xdmac.o(.rrx_text), (6 bytes).
    Removing xdmac.o(i.XDMAC_DisableChannel), (128 bytes).
    Removing xdmac.o(i.XDMAC_DisableChannelIt), (140 bytes).
    Removing xdmac.o(i.XDMAC_DisableChannels), (80 bytes).
    Removing xdmac.o(i.XDMAC_DisableGIt), (84 bytes).
    Removing xdmac.o(i.XDMAC_EnableChannel), (128 bytes).
    Removing xdmac.o(i.XDMAC_EnableChannelIt), (140 bytes).
    Removing xdmac.o(i.XDMAC_EnableChannels), (80 bytes).
    Removing xdmac.o(i.XDMAC_EnableGIt), (84 bytes).
    Removing xdmac.o(i.XDMAC_GetArbiter), (80 bytes).
    Removing xdmac.o(i.XDMAC_GetChDestinationAddr), (136 bytes).
    Removing xdmac.o(i.XDMAC_GetChannelConfig), (136 bytes).
    Removing xdmac.o(i.XDMAC_GetChannelIsr), (136 bytes).
    Removing xdmac.o(i.XDMAC_GetChannelItMask), (136 bytes).
    Removing xdmac.o(i.XDMAC_GetConfig), (80 bytes).
    Removing xdmac.o(i.XDMAC_GetGIsr), (80 bytes).
    Removing xdmac.o(i.XDMAC_GetGItMask), (80 bytes).
    Removing xdmac.o(i.XDMAC_GetGlobalChStatus), (80 bytes).
    Removing xdmac.o(i.XDMAC_GetMaskChannelIsr), (152 bytes).
    Removing xdmac.o(i.XDMAC_GetMaskedGIsr), (84 bytes).
    Removing xdmac.o(i.XDMAC_GetSoftwareTransferStatus), (80 bytes).
    Removing xdmac.o(i.XDMAC_GetType), (80 bytes).
    Removing xdmac.o(i.XDMAC_ResumeReadWriteChannel), (132 bytes).
    Removing xdmac.o(i.XDMAC_SetBlockControl), (144 bytes).
    Removing xdmac.o(i.XDMAC_SetChannelConfig), (140 bytes).
    Removing xdmac.o(i.XDMAC_SetDataStride_MemPattern), (140 bytes).
    Removing xdmac.o(i.XDMAC_SetDescriptorAddr), (180 bytes).
    Removing xdmac.o(i.XDMAC_SetDescriptorControl), (140 bytes).
    Removing xdmac.o(i.XDMAC_SetDestinationAddr), (140 bytes).
    Removing xdmac.o(i.XDMAC_SetDestinationMicroBlockStride), (144 bytes).
    Removing xdmac.o(i.XDMAC_SetMicroblockControl), (144 bytes).
    Removing xdmac.o(i.XDMAC_SetSourceAddr), (140 bytes).
    Removing xdmac.o(i.XDMAC_SetSourceMicroBlockStride), (144 bytes).
    Removing xdmac.o(i.XDMAC_SoftwareFlushReq), (152 bytes).
    Removing xdmac.o(i.XDMAC_SoftwareTransferReq), (132 bytes).
    Removing xdmac.o(i.XDMAC_SuspendReadChannel), (132 bytes).
    Removing xdmac.o(i.XDMAC_SuspendReadWriteChannel), (128 bytes).
    Removing xdmac.o(i.XDMAC_SuspendWriteChannel), (132 bytes).
    Removing xdmac.o(.data), (5 bytes).
    Removing xdmad.o(.rev16_text), (4 bytes).
    Removing xdmad.o(.revsh_text), (4 bytes).
    Removing xdmad.o(.rrx_text), (6 bytes).
    Removing xdmad.o(i.XDMAD_AllocateChannel), (52 bytes).
    Removing xdmad.o(i.XDMAD_AllocateXdmacChannel), (300 bytes).
    Removing xdmad.o(i.XDMAD_ConfigureTransfer), (384 bytes).
    Removing xdmad.o(i.XDMAD_FreeChannel), (148 bytes).
    Removing xdmad.o(i.XDMAD_Handler), (288 bytes).
    Removing xdmad.o(i.XDMAD_Initialize), (264 bytes).
    Removing xdmad.o(i.XDMAD_IsTransferDone), (152 bytes).
    Removing xdmad.o(i.XDMAD_PrepareChannel), (264 bytes).
    Removing xdmad.o(i.XDMAD_SetCallback), (160 bytes).
    Removing xdmad.o(i.XDMAD_StartTransfer), (256 bytes).
    Removing xdmad.o(i.XDMAD_StopTransfer), (152 bytes).
    Removing xdmad.o(i.free_lock), (74 bytes).
    Removing xdmad.o(i.get_lock), (76 bytes).
    Removing xdmad.o(.constdata), (47 bytes).
    Removing xdmad.o(.data), (6 bytes).
    Removing retarget.o(.rev16_text), (4 bytes).
    Removing retarget.o(.revsh_text), (4 bytes).
    Removing retarget.o(.rrx_text), (6 bytes).
    Removing startup_sam.o(.rev16_text), (4 bytes).
    Removing startup_sam.o(.revsh_text), (4 bytes).
    Removing startup_sam.o(.rrx_text), (6 bytes).
    Removing system_same70.o(.rev16_text), (4 bytes).
    Removing system_same70.o(.revsh_text), (4 bytes).
    Removing system_same70.o(.rrx_text), (6 bytes).
    Removing system_same70.o(i.sysclk_disable_usb), (48 bytes).
    Removing system_same70.o(i.sysclk_enable_usb), (56 bytes).
    Removing system_same70.o(i.system_init_flash), (124 bytes).
    Removing mcan.o(.rev16_text), (4 bytes).
    Removing mcan.o(.revsh_text), (4 bytes).
    Removing mcan.o(.rrx_text), (6 bytes).
    Removing mcan.o(i.MCAN_InitFdEnable), (16 bytes).
    Removing mcan.o(i.MCAN_LoopbackOff), (12 bytes).
    Removing mcan.o(i.MCAN_LoopbackOn), (12 bytes).
    Removing mcan.o(i.MCAN_RequestFd), (42 bytes).
    Removing mcan.o(i.MCAN_RequestFdBitRateSwitch), (44 bytes).
    Removing mcan.o(i.MCAN_RequestIso11898_1), (30 bytes).
    Removing mcan.o(.data), (5 bytes).
    Removing board_lowlevel.o(.rev16_text), (4 bytes).
    Removing board_lowlevel.o(.revsh_text), (4 bytes).
    Removing board_lowlevel.o(.rrx_text), (6 bytes).
    Removing board_lowlevel.o(.data), (5 bytes).
    Removing board_memories.o(.rev16_text), (4 bytes).
    Removing board_memories.o(.revsh_text), (4 bytes).
    Removing board_memories.o(.rrx_text), (6 bytes).
    Removing board_memories.o(i.BOARD_ConfigureSdram), (264 bytes).
    Removing board_memories.o(i.BOARD_SdramValidation), (536 bytes).
    Removing board_memories.o(.constdata), (168 bytes).
    Removing board_memories.o(.data), (5 bytes).
    Removing dbg_console.o(.rev16_text), (4 bytes).
    Removing dbg_console.o(.revsh_text), (4 bytes).
    Removing dbg_console.o(.rrx_text), (6 bytes).
    Removing dbg_console.o(i.DBG_DumpFrame), (44 bytes).
    Removing dbg_console.o(i.DBG_DumpMemory), (252 bytes).
    Removing dbg_console.o(i.DBG_GetChar), (48 bytes).
    Removing dbg_console.o(i.DBG_GetHexa32), (152 bytes).
    Removing dbg_console.o(i.DBG_GetInteger), (224 bytes).
    Removing dbg_console.o(i.DBG_GetIntegerMinMax), (112 bytes).
    Removing dbg_console.o(i.DBG_IsRxReady), (40 bytes).
    Removing dbg_console.o(i.gets), (34 bytes).
    Removing dbg_console.o(i.puts), (22 bytes).
    Removing led.o(.rev16_text), (4 bytes).
    Removing led.o(.revsh_text), (4 bytes).
    Removing led.o(.rrx_text), (6 bytes).
    Removing led.o(i.LED_Clear), (64 bytes).
    Removing led.o(i.LED_Set), (64 bytes).
    Removing led.o(.data), (5 bytes).
    Removing trace.o(.rev16_text), (4 bytes).
    Removing trace.o(.revsh_text), (4 bytes).
    Removing trace.o(.rrx_text), (6 bytes).
    Removing trace.o(i.TRACE_CONFIGURE), (36 bytes).
    Removing trace.o(.constdata), (12 bytes).
    Removing trace.o(.data), (5 bytes).

241 unused section(s) (total 14436 bytes) removed from the image.

==============================================================================

Image Symbol Table

    Local Symbols

    Symbol Name                              Value     Ov Type        Size  Object(Section)

    ../clib/angel/boardlib.s                 0x00000000   Number         0  boardinit3.o ABSOLUTE
    ../clib/angel/boardlib.s                 0x00000000   Number         0  boardshut.o ABSOLUTE
    ../clib/angel/boardlib.s                 0x00000000   Number         0  boardinit2.o ABSOLUTE
    ../clib/angel/boardlib.s                 0x00000000   Number         0  boardinit1.o ABSOLUTE
    ../clib/angel/handlers.s                 0x00000000   Number         0  __scatter_zi.o ABSOLUTE
    ../clib/angel/handlers.s                 0x00000000   Number         0  __scatter_copy.o ABSOLUTE
    ../clib/angel/kernel.s                   0x00000000   Number         0  rtexit2.o ABSOLUTE
    ../clib/angel/kernel.s                   0x00000000   Number         0  rtexit.o ABSOLUTE
    ../clib/angel/kernel.s                   0x00000000   Number         0  __rtentry.o ABSOLUTE
    ../clib/angel/kernel.s                   0x00000000   Number         0  __rtentry2.o ABSOLUTE
    ../clib/angel/kernel.s                   0x00000000   Number         0  __rtentry4.o ABSOLUTE
    ../clib/angel/kernel.s                   0x00000000   Number         0  __rtentry7.o ABSOLUTE
    ../clib/angel/rt.s                       0x00000000   Number         0  rt_raise.o ABSOLUTE
    ../clib/angel/scatter.s                  0x00000000   Number         0  __scatter.o ABSOLUTE
    ../clib/angel/startup.s                  0x00000000   Number         0  __main.o ABSOLUTE
    ../clib/angel/sys.s                      0x00000000   Number         0  use_no_semi.o ABSOLUTE
    ../clib/angel/sys.s                      0x00000000   Number         0  sys_stackheap_outer.o ABSOLUTE
    ../clib/angel/sys.s                      0x00000000   Number         0  indicate_semi.o ABSOLUTE
    ../clib/angel/sys.s                      0x00000000   Number         0  sys_stackheap.o ABSOLUTE
    ../clib/angel/sys.s                      0x00000000   Number         0  libspace.o ABSOLUTE
    ../clib/angel/sysapp.c                   0x00000000   Number         0  sys_command.o ABSOLUTE
    ../clib/armsys.c                         0x00000000   Number         0  no_argv.o ABSOLUTE
    ../clib/armsys.c                         0x00000000   Number         0  _get_argv_nomalloc.o ABSOLUTE
    ../clib/armsys.c                         0x00000000   Number         0  argv_veneer.o ABSOLUTE
    ../clib/armsys.c                         0x00000000   Number         0  argv_veneer.o ABSOLUTE
    ../clib/assert.c                         0x00000000   Number         0  assert.o ABSOLUTE
    ../clib/heapalloc.c                      0x00000000   Number         0  hrguard.o ABSOLUTE
    ../clib/libinit.s                        0x00000000   Number         0  libshutdown.o ABSOLUTE
    ../clib/libinit.s                        0x00000000   Number         0  libshutdown2.o ABSOLUTE
    ../clib/libinit.s                        0x00000000   Number         0  libinit.o ABSOLUTE
    ../clib/libinit.s                        0x00000000   Number         0  libinit2.o ABSOLUTE
    ../clib/libinit.s                        0x00000000   Number         0  libinit5.o ABSOLUTE
    ../clib/memcpset.s                       0x00000000   Number         0  rt_memcpy_w.o ABSOLUTE
    ../clib/misc.s                           0x00000000   Number         0  printf_stubs.o ABSOLUTE
    ../clib/printf.c                         0x00000000   Number         0  _printf_intcommon.o ABSOLUTE
    ../clib/printf.c                         0x00000000   Number         0  _printf_hex_ll.o ABSOLUTE
    ../clib/printf.c                         0x00000000   Number         0  __printf_nopercent.o ABSOLUTE
    ../clib/printf.c                         0x00000000   Number         0  __printf_flags_ss_wp.o ABSOLUTE
    ../clib/printf.c                         0x00000000   Number         0  __printf_ss_wp.o ABSOLUTE
    ../clib/printf.c                         0x00000000   Number         0  __printf_flags_wp.o ABSOLUTE
    ../clib/printf.c                         0x00000000   Number         0  __printf_wp.o ABSOLUTE
    ../clib/printf.c                         0x00000000   Number         0  __printf_flags_ss.o ABSOLUTE
    ../clib/printf.c                         0x00000000   Number         0  __printf_ss.o ABSOLUTE
    ../clib/printf.c                         0x00000000   Number         0  __printf_flags.o ABSOLUTE
    ../clib/printf.c                         0x00000000   Number         0  _printf_hex_int_ll_ptr.o ABSOLUTE
    ../clib/printf.c                         0x00000000   Number         0  _printf_hex_ll_ptr.o ABSOLUTE
    ../clib/printf.c                         0x00000000   Number         0  _printf_hex_int_ptr.o ABSOLUTE
    ../clib/printf.c                         0x00000000   Number         0  _printf_hex_ptr.o ABSOLUTE
    ../clib/printf.c                         0x00000000   Number         0  _printf_hex_int_ll.o ABSOLUTE
    ../clib/printf.c                         0x00000000   Number         0  _printf_hex_int.o ABSOLUTE
    ../clib/printf.c                         0x00000000   Number         0  _printf_dec.o ABSOLUTE
    ../clib/printf.c                         0x00000000   Number         0  _printf_char_common.o ABSOLUTE
    ../clib/printf.c                         0x00000000   Number         0  _printf_char_file.o ABSOLUTE
    ../clib/printf.c                         0x00000000   Number         0  _printf_str.o ABSOLUTE
    ../clib/printf.c                         0x00000000   Number         0  noretval__2printf.o ABSOLUTE
    ../clib/printf.c                         0x00000000   Number         0  __2printf.o ABSOLUTE
    ../clib/printf.c                         0x00000000   Number         0  _printf_pad.o ABSOLUTE
    ../clib/printf.c                         0x00000000   Number         0  __printf.o ABSOLUTE
    ../clib/printf.c                         0x00000000   Number         0  _printf_char.o ABSOLUTE
    ../clib/printf_percent.s                 0x00000000   Number         0  _printf_s.o ABSOLUTE
    ../clib/printf_percent.s                 0x00000000   Number         0  _printf_d.o ABSOLUTE
    ../clib/printf_percent.s                 0x00000000   Number         0  _printf_c.o ABSOLUTE
    ../clib/printf_percent.s                 0x00000000   Number         0  _printf_percent.o ABSOLUTE
    ../clib/printf_percent.s                 0x00000000   Number         0  _printf_percent_end.o ABSOLUTE
    ../clib/printf_percent.s                 0x00000000   Number         0  _printf_x.o ABSOLUTE
    ../clib/signal.c                         0x00000000   Number         0  defsig_fpe_inner.o ABSOLUTE
    ../clib/signal.c                         0x00000000   Number         0  __raise.o ABSOLUTE
    ../clib/signal.c                         0x00000000   Number         0  defsig_stak_inner.o ABSOLUTE
    ../clib/signal.c                         0x00000000   Number         0  defsig_pvfn_inner.o ABSOLUTE
    ../clib/signal.c                         0x00000000   Number         0  defsig_cppl_inner.o ABSOLUTE
    ../clib/signal.c                         0x00000000   Number         0  defsig_segv_inner.o ABSOLUTE
    ../clib/signal.c                         0x00000000   Number         0  defsig_other.o ABSOLUTE
    ../clib/signal.c                         0x00000000   Number         0  defsig_rtmem_outer.o ABSOLUTE
    ../clib/signal.c                         0x00000000   Number         0  defsig_abrt_outer.o ABSOLUTE
    ../clib/signal.c                         0x00000000   Number         0  defsig_abrt_inner.o ABSOLUTE
    ../clib/signal.c                         0x00000000   Number         0  defsig_exit.o ABSOLUTE
    ../clib/signal.c                         0x00000000   Number         0  defsig_abrt_formal.o ABSOLUTE
    ../clib/signal.c                         0x00000000   Number         0  defsig_rtmem_formal.o ABSOLUTE
    ../clib/signal.c                         0x00000000   Number         0  defsig_rtred_inner.o ABSOLUTE
    ../clib/signal.c                         0x00000000   Number         0  defsig_rtmem_inner.o ABSOLUTE
    ../clib/signal.c                         0x00000000   Number         0  defsig_general.o ABSOLUTE
    ../clib/signal.s                         0x00000000   Number         0  defsig.o ABSOLUTE
    ../clib/stdlib.c                         0x00000000   Number         0  abort.o ABSOLUTE
    ../clib/stdlib.c                         0x00000000   Number         0  exit.o ABSOLUTE
    ../fplib/fpinit.s                        0x00000000   Number         0  fpinit.o ABSOLUTE
    ..\..\..\..\libraries\libboard\resources_e70\mdk\retarget.c 0x00000000   Number         0  retarget.o ABSOLUTE
    ..\..\..\..\libraries\libboard\resources_e70\mdk\startup_sam.c 0x00000000   Number         0  startup_sam.o ABSOLUTE
    ..\..\..\..\libraries\libboard\resources_e70\mdk\workaround.s 0x00000000   Number         0  workaround.o ABSOLUTE
    ..\..\..\..\libraries\libboard\resources_e70\system_same70.c 0x00000000   Number         0  system_same70.o ABSOLUTE
    ..\..\..\..\libraries\libboard\source\board_lowlevel.c 0x00000000   Number         0  board_lowlevel.o ABSOLUTE
    ..\..\..\..\libraries\libboard\source\board_memories.c 0x00000000   Number         0  board_memories.o ABSOLUTE
    ..\..\..\..\libraries\libboard\source\dbg_console.c 0x00000000   Number         0  dbg_console.o ABSOLUTE
    ..\..\..\..\libraries\libboard\source\led.c 0x00000000   Number         0  led.o ABSOLUTE
    ..\..\..\..\libraries\libboard\source\trace.c 0x00000000   Number         0  trace.o ABSOLUTE
    ..\..\..\..\libraries\libchip\source\exceptions.c 0x00000000   Number         0  exceptions.o ABSOLUTE
    ..\..\..\..\libraries\libchip\source\mcan.c 0x00000000   Number         0  mcan.o ABSOLUTE
    ..\..\..\..\libraries\libchip\source\mpu.c 0x00000000   Number         0  mpu.o ABSOLUTE
    ..\..\..\..\libraries\libchip\source\pio.c 0x00000000   Number         0  pio.o ABSOLUTE
    ..\..\..\..\libraries\libchip\source\pio_it.c 0x00000000   Number         0  pio_it.o ABSOLUTE
    ..\..\..\..\libraries\libchip\source\pmc.c 0x00000000   Number         0  pmc.o ABSOLUTE
    ..\..\..\..\libraries\libchip\source\supc.c 0x00000000   Number         0  supc.o ABSOLUTE
    ..\..\..\..\libraries\libchip\source\tc.c 0x00000000   Number         0  tc.o ABSOLUTE
    ..\..\..\..\libraries\libchip\source\timetick.c 0x00000000   Number         0  timetick.o ABSOLUTE
    ..\..\..\..\libraries\libchip\source\uart.c 0x00000000   Number         0  uart.o ABSOLUTE
    ..\..\..\..\libraries\libchip\source\wdt.c 0x00000000   Number         0  wdt.o ABSOLUTE
    ..\..\..\..\libraries\libchip\source\xdma_hardware_interface.c 0x00000000   Number         0  xdma_hardware_interface.o ABSOLUTE
    ..\..\..\..\libraries\libchip\source\xdmac.c 0x00000000   Number         0  xdmac.o ABSOLUTE
    ..\..\..\..\libraries\libchip\source\xdmad.c 0x00000000   Number         0  xdmad.o ABSOLUTE
    ..\..\main.c                             0x00000000   Number         0  main.o ABSOLUTE
    ..\\..\\..\\..\\libraries\\libboard\\resources_e70\\mdk\\retarget.c 0x00000000   Number         0  retarget.o ABSOLUTE
    ..\\..\\..\\..\\libraries\\libboard\\resources_e70\\mdk\\startup_sam.c 0x00000000   Number         0  startup_sam.o ABSOLUTE
    ..\\..\\..\\..\\libraries\\libboard\\resources_e70\\system_same70.c 0x00000000   Number         0  system_same70.o ABSOLUTE
    ..\\..\\..\\..\\libraries\\libboard\\source\\board_lowlevel.c 0x00000000   Number         0  board_lowlevel.o ABSOLUTE
    ..\\..\\..\\..\\libraries\\libboard\\source\\board_memories.c 0x00000000   Number         0  board_memories.o ABSOLUTE
    ..\\..\\..\\..\\libraries\\libboard\\source\\dbg_console.c 0x00000000   Number         0  dbg_console.o ABSOLUTE
    ..\\..\\..\\..\\libraries\\libboard\\source\\led.c 0x00000000   Number         0  led.o ABSOLUTE
    ..\\..\\..\\..\\libraries\\libboard\\source\\trace.c 0x00000000   Number         0  trace.o ABSOLUTE
    ..\\..\\..\\..\\libraries\\libchip\\source\\exceptions.c 0x00000000   Number         0  exceptions.o ABSOLUTE
    ..\\..\\..\\..\\libraries\\libchip\\source\\mcan.c 0x00000000   Number         0  mcan.o ABSOLUTE
    ..\\..\\..\\..\\libraries\\libchip\\source\\mpu.c 0x00000000   Number         0  mpu.o ABSOLUTE
    ..\\..\\..\\..\\libraries\\libchip\\source\\pio.c 0x00000000   Number         0  pio.o ABSOLUTE
    ..\\..\\..\\..\\libraries\\libchip\\source\\pio_it.c 0x00000000   Number         0  pio_it.o ABSOLUTE
    ..\\..\\..\\..\\libraries\\libchip\\source\\pmc.c 0x00000000   Number         0  pmc.o ABSOLUTE
    ..\\..\\..\\..\\libraries\\libchip\\source\\supc.c 0x00000000   Number         0  supc.o ABSOLUTE
    ..\\..\\..\\..\\libraries\\libchip\\source\\tc.c 0x00000000   Number         0  tc.o ABSOLUTE
    ..\\..\\..\\..\\libraries\\libchip\\source\\timetick.c 0x00000000   Number         0  timetick.o ABSOLUTE
    ..\\..\\..\\..\\libraries\\libchip\\source\\uart.c 0x00000000   Number         0  uart.o ABSOLUTE
    ..\\..\\..\\..\\libraries\\libchip\\source\\wdt.c 0x00000000   Number         0  wdt.o ABSOLUTE
    ..\\..\\..\\..\\libraries\\libchip\\source\\xdma_hardware_interface.c 0x00000000   Number         0  xdma_hardware_interface.o ABSOLUTE
    ..\\..\\..\\..\\libraries\\libchip\\source\\xdmac.c 0x00000000   Number         0  xdmac.o ABSOLUTE
    ..\\..\\..\\..\\libraries\\libchip\\source\\xdmad.c 0x00000000   Number         0  xdmad.o ABSOLUTE
    ..\\..\\main.c                           0x00000000   Number         0  main.o ABSOLUTE
    dc.s                                     0x00000000   Number         0  dc.o ABSOLUTE
    vectors                                  0x00400000   Section      320  startup_sam.o(vectors)
    !!!main                                  0x00400140   Section        8  __main.o(!!!main)
    !!!scatter                               0x00400148   Section       52  __scatter.o(!!!scatter)
    !!handler_copy                           0x0040017c   Section       26  __scatter_copy.o(!!handler_copy)
    !!handler_zi                             0x00400198   Section       28  __scatter_zi.o(!!handler_zi)
    .ARM.Collect$$_printf_percent$$00000000  0x004001b4   Section        0  _printf_percent.o(.ARM.Collect$$_printf_percent$$00000000)
    .ARM.Collect$$_printf_percent$$0000000C  0x004001b4   Section        6  _printf_x.o(.ARM.Collect$$_printf_percent$$0000000C)
    .ARM.Collect$$_printf_percent$$00000014  0x004001ba   Section        6  _printf_s.o(.ARM.Collect$$_printf_percent$$00000014)
    .ARM.Collect$$_printf_percent$$00000017  0x004001c0   Section        4  _printf_percent_end.o(.ARM.Collect$$_printf_percent$$00000017)
    .ARM.Collect$$libinit$$00000000          0x004001c4   Section        2  libinit.o(.ARM.Collect$$libinit$$00000000)
    .ARM.Collect$$libinit$$00000002          0x004001c6   Section        0  libinit2.o(.ARM.Collect$$libinit$$00000002)
    .ARM.Collect$$libinit$$00000004          0x004001c6   Section        0  libinit2.o(.ARM.Collect$$libinit$$00000004)
    .ARM.Collect$$libinit$$0000000A          0x004001c6   Section        0  libinit2.o(.ARM.Collect$$libinit$$0000000A)
    .ARM.Collect$$libinit$$0000000C          0x004001c6   Section        0  libinit2.o(.ARM.Collect$$libinit$$0000000C)
    .ARM.Collect$$libinit$$0000000E          0x004001c6   Section        0  libinit2.o(.ARM.Collect$$libinit$$0000000E)
    .ARM.Collect$$libinit$$00000011          0x004001c6   Section        0  libinit2.o(.ARM.Collect$$libinit$$00000011)
    .ARM.Collect$$libinit$$00000013          0x004001c6   Section        0  libinit2.o(.ARM.Collect$$libinit$$00000013)
    .ARM.Collect$$libinit$$00000015          0x004001c6   Section        0  libinit2.o(.ARM.Collect$$libinit$$00000015)
    .ARM.Collect$$libinit$$00000017          0x004001c6   Section        0  libinit2.o(.ARM.Collect$$libinit$$00000017)
    .ARM.Collect$$libinit$$00000019          0x004001c6   Section        0  libinit2.o(.ARM.Collect$$libinit$$00000019)
    .ARM.Collect$$libinit$$0000001B          0x004001c6   Section        0  libinit2.o(.ARM.Collect$$libinit$$0000001B)
    .ARM.Collect$$libinit$$0000001D          0x004001c6   Section        0  libinit2.o(.ARM.Collect$$libinit$$0000001D)
    .ARM.Collect$$libinit$$0000001F          0x004001c6   Section        0  libinit2.o(.ARM.Collect$$libinit$$0000001F)
    .ARM.Collect$$libinit$$00000021          0x004001c6   Section        0  libinit2.o(.ARM.Collect$$libinit$$00000021)
    .ARM.Collect$$libinit$$00000023          0x004001c6   Section        0  libinit2.o(.ARM.Collect$$libinit$$00000023)
    .ARM.Collect$$libinit$$00000025          0x004001c6   Section        0  libinit2.o(.ARM.Collect$$libinit$$00000025)
    .ARM.Collect$$libinit$$0000002C          0x004001c6   Section        0  libinit2.o(.ARM.Collect$$libinit$$0000002C)
    .ARM.Collect$$libinit$$0000002E          0x004001c6   Section        0  libinit2.o(.ARM.Collect$$libinit$$0000002E)
    .ARM.Collect$$libinit$$00000030          0x004001c6   Section        0  libinit2.o(.ARM.Collect$$libinit$$00000030)
    .ARM.Collect$$libinit$$00000032          0x004001c6   Section        0  libinit2.o(.ARM.Collect$$libinit$$00000032)
    .ARM.Collect$$libinit$$00000033          0x004001c6   Section        2  libinit2.o(.ARM.Collect$$libinit$$00000033)
    .ARM.Collect$$libshutdown$$00000000      0x004001c8   Section        2  libshutdown.o(.ARM.Collect$$libshutdown$$00000000)
    .ARM.Collect$$libshutdown$$00000002      0x004001ca   Section        0  libshutdown2.o(.ARM.Collect$$libshutdown$$00000002)
    .ARM.Collect$$libshutdown$$00000004      0x004001ca   Section        0  libshutdown2.o(.ARM.Collect$$libshutdown$$00000004)
    .ARM.Collect$$libshutdown$$00000007      0x004001ca   Section        0  libshutdown2.o(.ARM.Collect$$libshutdown$$00000007)
    .ARM.Collect$$libshutdown$$0000000A      0x004001ca   Section        0  libshutdown2.o(.ARM.Collect$$libshutdown$$0000000A)
    .ARM.Collect$$libshutdown$$0000000C      0x004001ca   Section        0  libshutdown2.o(.ARM.Collect$$libshutdown$$0000000C)
    .ARM.Collect$$libshutdown$$0000000F      0x004001ca   Section        0  libshutdown2.o(.ARM.Collect$$libshutdown$$0000000F)
    .ARM.Collect$$libshutdown$$00000010      0x004001ca   Section        2  libshutdown2.o(.ARM.Collect$$libshutdown$$00000010)
    .ARM.Collect$$rtentry$$00000000          0x004001cc   Section        0  __rtentry.o(.ARM.Collect$$rtentry$$00000000)
    .ARM.Collect$$rtentry$$00000002          0x004001cc   Section        0  __rtentry2.o(.ARM.Collect$$rtentry$$00000002)
    .ARM.Collect$$rtentry$$00000007          0x004001cc   Section        4  __rtentry7.o(.ARM.Collect$$rtentry$$00000007)
    .ARM.Collect$$rtentry$$00000009          0x004001d0   Section        0  __rtentry2.o(.ARM.Collect$$rtentry$$00000009)
    .ARM.Collect$$rtentry$$0000000A          0x004001d0   Section        4  __rtentry2.o(.ARM.Collect$$rtentry$$0000000A)
    .ARM.Collect$$rtentry$$0000000C          0x004001d4   Section        0  __rtentry2.o(.ARM.Collect$$rtentry$$0000000C)
    .ARM.Collect$$rtentry$$0000000D          0x004001d4   Section        8  __rtentry2.o(.ARM.Collect$$rtentry$$0000000D)
    .ARM.Collect$$rtentry$$00002718          0x004001dc   Section        4  __rtentry7.o(.ARM.Collect$$rtentry$$00002718)
    __lit__00000000                          0x004001dc   Data           4  __rtentry7.o(.ARM.Collect$$rtentry$$00002718)
    .ARM.Collect$$rtexit$$00000000           0x004001e0   Section        2  rtexit.o(.ARM.Collect$$rtexit$$00000000)
    .ARM.Collect$$rtexit$$00000002           0x004001e2   Section        0  rtexit2.o(.ARM.Collect$$rtexit$$00000002)
    .ARM.Collect$$rtexit$$00000003           0x004001e2   Section        4  rtexit2.o(.ARM.Collect$$rtexit$$00000003)
    .ARM.Collect$$rtexit$$00000004           0x004001e6   Section        6  rtexit2.o(.ARM.Collect$$rtexit$$00000004)
    .text                                    0x004001ec   Section        2  use_no_semi.o(.text)
    .text                                    0x004001f0   Section        0  noretval__2printf.o(.text)
    .text                                    0x00400208   Section        0  _printf_str.o(.text)
    .text                                    0x0040025c   Section        0  _printf_hex_int.o(.text)
    .text                                    0x004002b4   Section        0  __printf_flags_wp.o(.text)
    .text                                    0x004003ec   Section        0  assert.o(.text)
    .text                                    0x0040046c   Section      100  rt_memcpy_w.o(.text)
    .text                                    0x004004d0   Section        0  _printf_intcommon.o(.text)
    .text                                    0x00400582   Section        0  _printf_char.o(.text)
    .text                                    0x004005b0   Section        0  _printf_char_file.o(.text)
    .text                                    0x004005d4   Section        0  abort.o(.text)
    .text                                    0x004005ec   Section        0  _printf_char_common.o(.text)
    _printf_input_char                       0x004005ed   Thumb Code    10  _printf_char_common.o(.text)
    .text                                    0x0040061c   Section        0  defsig_abrt_outer.o(.text)
    .text                                    0x0040062a   Section        0  exit.o(.text)
    .text                                    0x0040063c   Section        0  defsig_exit.o(.text)
    .text                                    0x00400648   Section        0  defsig_abrt_inner.o(.text)
    .text                                    0x00400678   Section        0  defsig_general.o(.text)
    i.BusFault_Handler                       0x004006ac   Section        0  exceptions.o(i.BusFault_Handler)
    i.DBG_Configure                          0x00400704   Section        0  dbg_console.o(i.DBG_Configure)
    i.DBG_PutChar                            0x0040077c   Section        0  dbg_console.o(i.DBG_PutChar)
    i.Dummy_Handler                          0x004007bc   Section        0  startup_sam.o(i.Dummy_Handler)
    i.HardFault_Handler                      0x004007e4   Section        0  exceptions.o(i.HardFault_Handler)
    i.HardFault_reason                       0x0040083c   Section        0  exceptions.o(i.HardFault_reason)
    HardFault_reason                         0x0040083d   Thumb Code   118  exceptions.o(i.HardFault_reason)
    i.LED_Configure                          0x004008b8   Section        0  led.o(i.LED_Configure)
    i.LED_Toggle                             0x004008d8   Section        0  led.o(i.LED_Toggle)
    i.LowLevelInit                           0x00400918   Section        0  board_lowlevel.o(i.LowLevelInit)
    i.MCAN0_Handler                          0x00400924   Section        0  main.o(i.MCAN0_Handler)
    i.MCAN0_Line1_Handler                    0x00400926   Section        0  main.o(i.MCAN0_Line1_Handler)
    i.MCAN1_Handler                          0x00400928   Section        0  main.o(i.MCAN1_Handler)
    i.MCAN1_Line1_Handler                    0x0040092c   Section        0  main.o(i.MCAN1_Line1_Handler)
    i.MCAN_AddToTxFifoQ                      0x004009c8   Section        0  mcan.o(i.MCAN_AddToTxFifoQ)
    i.MCAN_ConfigRxBufferFilter              0x00400a80   Section        0  mcan.o(i.MCAN_ConfigRxBufferFilter)
    i.MCAN_ConfigRxClassicFilter             0x00400aca   Section        0  mcan.o(i.MCAN_ConfigRxClassicFilter)
    i.MCAN_ConfigTxDedBuffer                 0x00400b5c   Section        0  mcan.o(i.MCAN_ConfigTxDedBuffer)
    i.MCAN_Enable                            0x00400ba8   Section        0  mcan.o(i.MCAN_Enable)
    i.MCAN_GetRxDedBuffer                    0x00400bb4   Section        0  mcan.o(i.MCAN_GetRxDedBuffer)
    i.MCAN_GetRxFifoBuffer                   0x00400c60   Section        0  mcan.o(i.MCAN_GetRxFifoBuffer)
    i.MCAN_IEnableMessageStoredToRxDedBuffer 0x00400d1c   Section        0  mcan.o(i.MCAN_IEnableMessageStoredToRxDedBuffer)
    i.MCAN_Init                              0x00400d54   Section        0  mcan.o(i.MCAN_Init)
    i.MCAN_InitFdBitRateSwitchEnable         0x00400f6c   Section        0  mcan.o(i.MCAN_InitFdBitRateSwitchEnable)
    i.MCAN_InitLoopback                      0x00400f7c   Section        0  mcan.o(i.MCAN_InitLoopback)
    i.MCAN_InitTxQueue                       0x00400f92   Section        0  mcan.o(i.MCAN_InitTxQueue)
    i.MCAN_IsBufferTxd                       0x00400fa2   Section        0  mcan.o(i.MCAN_IsBufferTxd)
    i.MCAN_IsNewDataInRxDedBuffer            0x00400fb6   Section        0  mcan.o(i.MCAN_IsNewDataInRxDedBuffer)
    i.MCAN_SendTxDedBuffer                   0x00400fe8   Section        0  mcan.o(i.MCAN_SendTxDedBuffer)
    i.MPU_CalMPURegionSize                   0x00400ffa   Section        0  mpu.o(i.MPU_CalMPURegionSize)
    i.MPU_Enable                             0x00401018   Section        0  mpu.o(i.MPU_Enable)
    i.MPU_SetRegion                          0x00401024   Section        0  mpu.o(i.MPU_SetRegion)
    i.MemManage_Handler                      0x00401034   Section        0  exceptions.o(i.MemManage_Handler)
    i.NMI_Handler                            0x00401098   Section        0  exceptions.o(i.NMI_Handler)
    i.NVIC_ClearPendingIRQ                   0x004010c0   Section        0  mcan.o(i.NVIC_ClearPendingIRQ)
    NVIC_ClearPendingIRQ                     0x004010c1   Thumb Code    18  mcan.o(i.NVIC_ClearPendingIRQ)
    i.NVIC_EnableIRQ                         0x004010d8   Section        0  mcan.o(i.NVIC_EnableIRQ)
    NVIC_EnableIRQ                           0x004010d9   Thumb Code    22  mcan.o(i.NVIC_EnableIRQ)
    i.PIOA_Handler                           0x004010f0   Section        0  pio_it.o(i.PIOA_Handler)
    i.PIOB_Handler                           0x00401100   Section        0  pio_it.o(i.PIOB_Handler)
    i.PIOC_Handler                           0x00401110   Section        0  pio_it.o(i.PIOC_Handler)
    i.PIOD_Handler                           0x00401120   Section        0  pio_it.o(i.PIOD_Handler)
    i.PIOE_Handler                           0x00401130   Section        0  pio_it.o(i.PIOE_Handler)
    i.PIO_Clear                              0x00401140   Section        0  pio.o(i.PIO_Clear)
    i.PIO_Configure                          0x00401148   Section        0  pio.o(i.PIO_Configure)
    i.PIO_Get                                0x004011ee   Section        0  pio.o(i.PIO_Get)
    i.PIO_GetOutputDataStatus                0x00401214   Section        0  pio.o(i.PIO_GetOutputDataStatus)
    i.PIO_Set                                0x00401228   Section        0  pio.o(i.PIO_Set)
    i.PIO_SetDebounceFilter                  0x00401230   Section        0  pio.o(i.PIO_SetDebounceFilter)
    i.PIO_SetInput                           0x00401250   Section        0  pio.o(i.PIO_SetInput)
    PIO_SetInput                             0x00401251   Thumb Code    54  pio.o(i.PIO_SetInput)
    i.PIO_SetOutput                          0x00401286   Section        0  pio.o(i.PIO_SetOutput)
    PIO_SetOutput                            0x00401287   Thumb Code    36  pio.o(i.PIO_SetOutput)
    i.PIO_SetPeripheralA                     0x004012aa   Section        0  pio.o(i.PIO_SetPeripheralA)
    PIO_SetPeripheralA                       0x004012ab   Thumb Code    40  pio.o(i.PIO_SetPeripheralA)
    i.PIO_SetPeripheralB                     0x004012d2   Section        0  pio.o(i.PIO_SetPeripheralB)
    PIO_SetPeripheralB                       0x004012d3   Thumb Code    36  pio.o(i.PIO_SetPeripheralB)
    i.PIO_SetPeripheralC                     0x004012f6   Section        0  pio.o(i.PIO_SetPeripheralC)
    PIO_SetPeripheralC                       0x004012f7   Thumb Code    36  pio.o(i.PIO_SetPeripheralC)
    i.PIO_SetPeripheralD                     0x0040131a   Section        0  pio.o(i.PIO_SetPeripheralD)
    PIO_SetPeripheralD                       0x0040131b   Thumb Code    32  pio.o(i.PIO_SetPeripheralD)
    i.PMC_EnablePeripheral                   0x0040133c   Section        0  pmc.o(i.PMC_EnablePeripheral)
    i.PioInterruptHandler                    0x004013d0   Section        0  pio_it.o(i.PioInterruptHandler)
    i.Reset_Handler                          0x00401480   Section        0  startup_sam.o(i.Reset_Handler)
    i.SCB_CleanDCache_by_Addr                0x00401518   Section        0  mcan.o(i.SCB_CleanDCache_by_Addr)
    SCB_CleanDCache_by_Addr                  0x00401519   Thumb Code    72  mcan.o(i.SCB_CleanDCache_by_Addr)
    i.SCB_EnableDCache                       0x00401564   Section        0  main.o(i.SCB_EnableDCache)
    SCB_EnableDCache                         0x00401565   Thumb Code   148  main.o(i.SCB_EnableDCache)
    i.StackUnwind                            0x00401600   Section        0  exceptions.o(i.StackUnwind)
    StackUnwind                              0x00401601   Thumb Code     8  exceptions.o(i.StackUnwind)
    i.SysTick_Handler                        0x00401608   Section        0  timetick.o(i.SysTick_Handler)
    i.SystemCoreClockUpdate                  0x00401658   Section        0  system_same70.o(i.SystemCoreClockUpdate)
    i.SystemInit                             0x004017ac   Section        0  system_same70.o(i.SystemInit)
    i.TC0_Handler                            0x0040189c   Section        0  main.o(i.TC0_Handler)
    i.TC_Configure                           0x004018b4   Section        0  tc.o(i.TC_Configure)
    i.TC_FindMckDivisor                      0x00401914   Section        0  tc.o(i.TC_FindMckDivisor)
    i.TC_Start                               0x00401988   Section        0  tc.o(i.TC_Start)
    i.TimeTick_Configure                     0x004019d8   Section        0  timetick.o(i.TimeTick_Configure)
    i.UsageFault_Handler                     0x00401af0   Section        0  exceptions.o(i.UsageFault_Handler)
    i.WDT_Disable                            0x00401b44   Section        0  wdt.o(i.WDT_Disable)
    i._ConfigureTc                           0x00401b4c   Section        0  main.o(i._ConfigureTc)
    _ConfigureTc                             0x00401b4d   Thumb Code   104  main.o(i._ConfigureTc)
    i._SetupMemoryRegion                     0x00401bc0   Section        0  board_lowlevel.o(i._SetupMemoryRegion)
    i.__assert_puts                          0x00401d24   Section        0  retarget.o(i.__assert_puts)
    i._is_digit                              0x00401d38   Section        0  __printf_wp.o(i._is_digit)
    i._sys_exit                              0x00401d46   Section        0  retarget.o(i._sys_exit)
    i._ttywrch                               0x00401d4a   Section        0  retarget.o(i._ttywrch)
    i.ferror                                 0x00401d56   Section        0  retarget.o(i.ferror)
    i.fputc                                  0x00401d60   Section        0  retarget.o(i.fputc)
    i.main                                   0x00401d8c   Section        0  main.o(i.main)
    .constdata                               0x00402174   Section       12  main.o(.constdata)
    pushbutton                               0x00402174   Data          12  main.o(.constdata)
    .constdata                               0x00402180   Section       20  tc.o(.constdata)
    .constdata                               0x00402194   Section      248  mcan.o(.constdata)
    pinsMcan0                                0x00402194   Data          24  mcan.o(.constdata)
    pinsMcan1                                0x004021ac   Data          24  mcan.o(.constdata)
    dlcToMsgLength                           0x004021c4   Data          16  mcan.o(.constdata)
    .constdata                               0x0040228c   Section       24  dbg_console.o(.constdata)
    .constdata                               0x004022a4   Section       12  led.o(.constdata)
    pinsLeds                                 0x004022a4   Data          12  led.o(.constdata)
    .constdata                               0x004022b0   Section       40  _printf_hex_int.o(.constdata)
    uc_hextab                                0x004022b0   Data          20  _printf_hex_int.o(.constdata)
    lc_hextab                                0x004022c4   Data          20  _printf_hex_int.o(.constdata)
    .constdata                               0x004022d8   Section       17  __printf_flags_wp.o(.constdata)
    maptable                                 0x004022d8   Data          17  __printf_flags_wp.o(.constdata)
    .conststring                             0x004022ec   Section       68  tc.o(.conststring)
    .data                                    0x20400000   Section       36  main.o(.data)
    cpu_irq_critical_section_counter         0x20400000   Data           4  main.o(.data)
    cpu_irq_prev_interrupt_state             0x20400004   Data           1  main.o(.data)
    .data                                    0x20400024   Section       12  pio_it.o(.data)
    cpu_irq_critical_section_counter         0x20400024   Data           4  pio_it.o(.data)
    cpu_irq_prev_interrupt_state             0x20400028   Data           1  pio_it.o(.data)
    _dwNumSources                            0x2040002c   Data           4  pio_it.o(.data)
    .data                                    0x20400030   Section       24  timetick.o(.data)
    cpu_irq_critical_section_counter         0x20400030   Data           4  timetick.o(.data)
    cpu_irq_prev_interrupt_state             0x20400034   Data           1  timetick.o(.data)
    _dwTickCount                             0x20400038   Data           4  timetick.o(.data)
    SysTickConfigured                        0x2040003c   Data           1  timetick.o(.data)
    _dwTickTimer                             0x20400040   Data           4  timetick.o(.data)
    pTimeEventList                           0x20400044   Data           4  timetick.o(.data)
    .data                                    0x20400048   Section       16  retarget.o(.data)
    cpu_irq_critical_section_counter         0x20400048   Data           4  retarget.o(.data)
    cpu_irq_prev_interrupt_state             0x2040004c   Data           1  retarget.o(.data)
    .data                                    0x20400058   Section        4  system_same70.o(.data)
    .data                                    0x2040005c   Section        6  dbg_console.o(.data)
    cpu_irq_critical_section_counter         0x2040005c   Data           4  dbg_console.o(.data)
    cpu_irq_prev_interrupt_state             0x20400060   Data           1  dbg_console.o(.data)
    _ucIsConsoleInitialized                  0x20400061   Data           1  dbg_console.o(.data)
    .bss                                     0x20400064   Section       60  main.o(.bss)
    .bss                                     0x204000a0   Section       56  pio_it.o(.bss)
    _aIntSources                             0x204000a0   Data          56  pio_it.o(.bss)
    .bss                                     0x204000d8   Section       16  timetick.o(.bss)
    .bss                                     0x204000e8   Section     1312  mcan.o(.bss)
    can0MsgRam                               0x204000e8   Data         416  mcan.o(.bss)
    can1MsgRam                               0x20400288   Data         896  mcan.o(.bss)

    Global Symbols

    Symbol Name                              Value     Ov Type        Size  Object(Section)

    BuildAttributes$$THM_ISAv4$E$P$D$K$B$S$7EM$PE$PLD8$A:L22UL41UL21$X:L11$S22US41US21$IEEE1$IW$USESV6$~STKCKD$USESV7$~SHL$OSPACE$ROPI$EBA8$UX$STANDARDLIB$REQ8$PRES8$EABIv2 0x00000000   Number         0  anon$$obj.o ABSOLUTE
    __ARM_use_no_argv                        0x00000000   Number         0  main.o ABSOLUTE
    _printf_flags                            0x00000000   Number         0  printf_stubs.o ABSOLUTE
    _printf_return_value                     0x00000000   Number         0  printf_stubs.o ABSOLUTE
    _printf_sizespec                         0x00000000   Number         0  printf_stubs.o ABSOLUTE
    _printf_widthprec                        0x00000000   Number         0  printf_stubs.o ABSOLUTE
    Image$$ZI$$Limit                          - Undefined Weak Reference
    __ARM_exceptions_init                     - Undefined Weak Reference
    __alloca_initialize                       - Undefined Weak Reference
    __arm_preinit_                            - Undefined Weak Reference
    __cpp_initialize__aeabi_                  - Undefined Weak Reference
    __cxa_finalize                            - Undefined Weak Reference
    __rt_locale                               - Undefined Weak Reference
    __sigvec_lookup                           - Undefined Weak Reference
    _atexit_init                              - Undefined Weak Reference
    _call_atexit_fns                          - Undefined Weak Reference
    _clock_init                               - Undefined Weak Reference
    _fp_trap_init                             - Undefined Weak Reference
    _fp_trap_shutdown                         - Undefined Weak Reference
    _get_lc_collate                           - Undefined Weak Reference
    _get_lc_ctype                             - Undefined Weak Reference
    _get_lc_monetary                          - Undefined Weak Reference
    _get_lc_numeric                           - Undefined Weak Reference
    _get_lc_time                              - Undefined Weak Reference
    _getenv_init                              - Undefined Weak Reference
    _handle_redirection                       - Undefined Weak Reference
    _init_alloc                               - Undefined Weak Reference
    _init_user_alloc                          - Undefined Weak Reference
    _initio                                   - Undefined Weak Reference
    _printf_mbtowc                            - Undefined Weak Reference
    _printf_truncate_signed                   - Undefined Weak Reference
    _printf_truncate_unsigned                 - Undefined Weak Reference
    _rand_init                                - Undefined Weak Reference
    _signal_finish                            - Undefined Weak Reference
    _signal_init                              - Undefined Weak Reference
    _terminate_alloc                          - Undefined Weak Reference
    _terminate_user_alloc                     - Undefined Weak Reference
    _terminateio                              - Undefined Weak Reference
    Image$$Vector_region$$Base               0x00400000   Number         0  anon$$obj.o ABSOLUTE
    __vector_table                           0x00400000   Data         320  startup_sam.o(vectors)
    __main                                   0x00400141   Thumb Code     8  __main.o(!!!main)
    __scatterload                            0x00400149   Thumb Code     0  __scatter.o(!!!scatter)
    __scatterload_rt2                        0x00400149   Thumb Code    44  __scatter.o(!!!scatter)
    __scatterload_rt2_thumb_only             0x00400149   Thumb Code     0  __scatter.o(!!!scatter)
    __scatterload_null                       0x00400157   Thumb Code     0  __scatter.o(!!!scatter)
    __scatterload_copy                       0x0040017d   Thumb Code    26  __scatter_copy.o(!!handler_copy)
    __scatterload_zeroinit                   0x00400199   Thumb Code    28  __scatter_zi.o(!!handler_zi)
    _printf_percent                          0x004001b5   Thumb Code     0  _printf_percent.o(.ARM.Collect$$_printf_percent$$00000000)
    _printf_x                                0x004001b5   Thumb Code     0  _printf_x.o(.ARM.Collect$$_printf_percent$$0000000C)
    _printf_s                                0x004001bb   Thumb Code     0  _printf_s.o(.ARM.Collect$$_printf_percent$$00000014)
    _printf_percent_end                      0x004001c1   Thumb Code     0  _printf_percent_end.o(.ARM.Collect$$_printf_percent$$00000017)
    __rt_lib_init                            0x004001c5   Thumb Code     0  libinit.o(.ARM.Collect$$libinit$$00000000)
    __rt_lib_init_alloca_1                   0x004001c7   Thumb Code     0  libinit2.o(.ARM.Collect$$libinit$$0000002E)
    __rt_lib_init_argv_1                     0x004001c7   Thumb Code     0  libinit2.o(.ARM.Collect$$libinit$$0000002C)
    __rt_lib_init_atexit_1                   0x004001c7   Thumb Code     0  libinit2.o(.ARM.Collect$$libinit$$0000001B)
    __rt_lib_init_clock_1                    0x004001c7   Thumb Code     0  libinit2.o(.ARM.Collect$$libinit$$00000021)
    __rt_lib_init_cpp_1                      0x004001c7   Thumb Code     0  libinit2.o(.ARM.Collect$$libinit$$00000032)
    __rt_lib_init_exceptions_1               0x004001c7   Thumb Code     0  libinit2.o(.ARM.Collect$$libinit$$00000030)
    __rt_lib_init_fp_1                       0x004001c7   Thumb Code     0  libinit2.o(.ARM.Collect$$libinit$$00000002)
    __rt_lib_init_fp_trap_1                  0x004001c7   Thumb Code     0  libinit2.o(.ARM.Collect$$libinit$$0000001F)
    __rt_lib_init_getenv_1                   0x004001c7   Thumb Code     0  libinit2.o(.ARM.Collect$$libinit$$00000023)
    __rt_lib_init_heap_1                     0x004001c7   Thumb Code     0  libinit2.o(.ARM.Collect$$libinit$$0000000A)
    __rt_lib_init_lc_collate_1               0x004001c7   Thumb Code     0  libinit2.o(.ARM.Collect$$libinit$$00000011)
    __rt_lib_init_lc_ctype_1                 0x004001c7   Thumb Code     0  libinit2.o(.ARM.Collect$$libinit$$00000013)
    __rt_lib_init_lc_monetary_1              0x004001c7   Thumb Code     0  libinit2.o(.ARM.Collect$$libinit$$00000015)
    __rt_lib_init_lc_numeric_1               0x004001c7   Thumb Code     0  libinit2.o(.ARM.Collect$$libinit$$00000017)
    __rt_lib_init_lc_time_1                  0x004001c7   Thumb Code     0  libinit2.o(.ARM.Collect$$libinit$$00000019)
    __rt_lib_init_preinit_1                  0x004001c7   Thumb Code     0  libinit2.o(.ARM.Collect$$libinit$$00000004)
    __rt_lib_init_rand_1                     0x004001c7   Thumb Code     0  libinit2.o(.ARM.Collect$$libinit$$0000000E)
    __rt_lib_init_return                     0x004001c7   Thumb Code     0  libinit2.o(.ARM.Collect$$libinit$$00000033)
    __rt_lib_init_signal_1                   0x004001c7   Thumb Code     0  libinit2.o(.ARM.Collect$$libinit$$0000001D)
    __rt_lib_init_stdio_1                    0x004001c7   Thumb Code     0  libinit2.o(.ARM.Collect$$libinit$$00000025)
    __rt_lib_init_user_alloc_1               0x004001c7   Thumb Code     0  libinit2.o(.ARM.Collect$$libinit$$0000000C)
    __rt_lib_shutdown                        0x004001c9   Thumb Code     0  libshutdown.o(.ARM.Collect$$libshutdown$$00000000)
    __rt_lib_shutdown_cpp_1                  0x004001cb   Thumb Code     0  libshutdown2.o(.ARM.Collect$$libshutdown$$00000002)
    __rt_lib_shutdown_fp_trap_1              0x004001cb   Thumb Code     0  libshutdown2.o(.ARM.Collect$$libshutdown$$00000007)
    __rt_lib_shutdown_heap_1                 0x004001cb   Thumb Code     0  libshutdown2.o(.ARM.Collect$$libshutdown$$0000000F)
    __rt_lib_shutdown_return                 0x004001cb   Thumb Code     0  libshutdown2.o(.ARM.Collect$$libshutdown$$00000010)
    __rt_lib_shutdown_signal_1               0x004001cb   Thumb Code     0  libshutdown2.o(.ARM.Collect$$libshutdown$$0000000A)
    __rt_lib_shutdown_stdio_1                0x004001cb   Thumb Code     0  libshutdown2.o(.ARM.Collect$$libshutdown$$00000004)
    __rt_lib_shutdown_user_alloc_1           0x004001cb   Thumb Code     0  libshutdown2.o(.ARM.Collect$$libshutdown$$0000000C)
    __rt_entry                               0x004001cd   Thumb Code     0  __rtentry.o(.ARM.Collect$$rtentry$$00000000)
    __rt_entry_presh_1                       0x004001cd   Thumb Code     0  __rtentry2.o(.ARM.Collect$$rtentry$$00000002)
    __rt_entry_sh                            0x004001cd   Thumb Code     0  __rtentry7.o(.ARM.Collect$$rtentry$$00000007)
    __rt_entry_li                            0x004001d1   Thumb Code     0  __rtentry2.o(.ARM.Collect$$rtentry$$0000000A)
    __rt_entry_postsh_1                      0x004001d1   Thumb Code     0  __rtentry2.o(.ARM.Collect$$rtentry$$00000009)
    __rt_entry_main                          0x004001d5   Thumb Code     0  __rtentry2.o(.ARM.Collect$$rtentry$$0000000D)
    __rt_entry_postli_1                      0x004001d5   Thumb Code     0  __rtentry2.o(.ARM.Collect$$rtentry$$0000000C)
    __rt_exit                                0x004001e1   Thumb Code     0  rtexit.o(.ARM.Collect$$rtexit$$00000000)
    __rt_exit_ls                             0x004001e3   Thumb Code     0  rtexit2.o(.ARM.Collect$$rtexit$$00000003)
    __rt_exit_prels_1                        0x004001e3   Thumb Code     0  rtexit2.o(.ARM.Collect$$rtexit$$00000002)
    __rt_exit_exit                           0x004001e7   Thumb Code     0  rtexit2.o(.ARM.Collect$$rtexit$$00000004)
    __I$use$semihosting                      0x004001ed   Thumb Code     0  use_no_semi.o(.text)
    __use_no_semihosting_swi                 0x004001ed   Thumb Code     2  use_no_semi.o(.text)
    __2printf                                0x004001f1   Thumb Code    20  noretval__2printf.o(.text)
    _printf_str                              0x00400209   Thumb Code    82  _printf_str.o(.text)
    _printf_int_hex                          0x0040025d   Thumb Code    84  _printf_hex_int.o(.text)
    _printf_longlong_hex                     0x0040025d   Thumb Code     0  _printf_hex_int.o(.text)
    __printf                                 0x004002b5   Thumb Code   308  __printf_flags_wp.o(.text)
    __aeabi_assert                           0x004003ed   Thumb Code    86  assert.o(.text)
    __assert                                 0x004003ed   Thumb Code     0  assert.o(.text)
    __aeabi_memcpy4                          0x0040046d   Thumb Code     0  rt_memcpy_w.o(.text)
    __aeabi_memcpy8                          0x0040046d   Thumb Code     0  rt_memcpy_w.o(.text)
    __rt_memcpy_w                            0x0040046d   Thumb Code   100  rt_memcpy_w.o(.text)
    _memcpy_lastbytes_aligned                0x004004b5   Thumb Code     0  rt_memcpy_w.o(.text)
    _printf_int_common                       0x004004d1   Thumb Code   178  _printf_intcommon.o(.text)
    _printf_cs_common                        0x00400583   Thumb Code    20  _printf_char.o(.text)
    _printf_char                             0x00400597   Thumb Code    16  _printf_char.o(.text)
    _printf_string                           0x004005a7   Thumb Code     8  _printf_char.o(.text)
    _printf_char_file                        0x004005b1   Thumb Code    32  _printf_char_file.o(.text)
    abort                                    0x004005d5   Thumb Code    22  abort.o(.text)
    _printf_char_common                      0x004005f7   Thumb Code    32  _printf_char_common.o(.text)
    __rt_SIGABRT                             0x0040061d   Thumb Code    14  defsig_abrt_outer.o(.text)
    exit                                     0x0040062b   Thumb Code    18  exit.o(.text)
    __sig_exit                               0x0040063d   Thumb Code    10  defsig_exit.o(.text)
    __rt_SIGABRT_inner                       0x00400649   Thumb Code    14  defsig_abrt_inner.o(.text)
    __default_signal_display                 0x00400679   Thumb Code    50  defsig_general.o(.text)
    BusFault_Handler                         0x004006ad   Thumb Code    56  exceptions.o(i.BusFault_Handler)
    DBG_Configure                            0x00400705   Thumb Code    96  dbg_console.o(i.DBG_Configure)
    DBG_PutChar                              0x0040077d   Thumb Code    50  dbg_console.o(i.DBG_PutChar)
    ACC_Handler                              0x004007bd   Thumb Code     0  startup_sam.o(i.Dummy_Handler)
    AES_Handler                              0x004007bd   Thumb Code     0  startup_sam.o(i.Dummy_Handler)
    AFEC0_Handler                            0x004007bd   Thumb Code     0  startup_sam.o(i.Dummy_Handler)
    AFEC1_Handler                            0x004007bd   Thumb Code     0  startup_sam.o(i.Dummy_Handler)
    CCF_Handler                              0x004007bd   Thumb Code     0  startup_sam.o(i.Dummy_Handler)
    CCW_Handler                              0x004007bd   Thumb Code     0  startup_sam.o(i.Dummy_Handler)
    DACC_Handler                             0x004007bd   Thumb Code     0  startup_sam.o(i.Dummy_Handler)
    DebugMon_Handler                         0x004007bd   Thumb Code     0  startup_sam.o(i.Dummy_Handler)
    Dummy_Handler                            0x004007bd   Thumb Code    10  startup_sam.o(i.Dummy_Handler)
    EFC_Handler                              0x004007bd   Thumb Code     0  startup_sam.o(i.Dummy_Handler)
    FPU_Handler                              0x004007bd   Thumb Code     0  startup_sam.o(i.Dummy_Handler)
    GMACQ1_Handler                           0x004007bd   Thumb Code     0  startup_sam.o(i.Dummy_Handler)
    GMACQ2_Handler                           0x004007bd   Thumb Code     0  startup_sam.o(i.Dummy_Handler)
    GMAC_Handler                             0x004007bd   Thumb Code     0  startup_sam.o(i.Dummy_Handler)
    HSMCI_Handler                            0x004007bd   Thumb Code     0  startup_sam.o(i.Dummy_Handler)
    ICM_Handler                              0x004007bd   Thumb Code     0  startup_sam.o(i.Dummy_Handler)
    ISI_Handler                              0x004007bd   Thumb Code     0  startup_sam.o(i.Dummy_Handler)
    MLB_Handler                              0x004007bd   Thumb Code     0  startup_sam.o(i.Dummy_Handler)
    PMC_Handler                              0x004007bd   Thumb Code     0  startup_sam.o(i.Dummy_Handler)
    PWM0_Handler                             0x004007bd   Thumb Code     0  startup_sam.o(i.Dummy_Handler)
    PWM1_Handler                             0x004007bd   Thumb Code     0  startup_sam.o(i.Dummy_Handler)
    PendSV_Handler                           0x004007bd   Thumb Code     0  startup_sam.o(i.Dummy_Handler)
    QSPI_Handler                             0x004007bd   Thumb Code     0  startup_sam.o(i.Dummy_Handler)
    RSTC_Handler                             0x004007bd   Thumb Code     0  startup_sam.o(i.Dummy_Handler)
    RSWDT_Handler                            0x004007bd   Thumb Code     0  startup_sam.o(i.Dummy_Handler)
    RTC_Handler                              0x004007bd   Thumb Code     0  startup_sam.o(i.Dummy_Handler)
    RTT_Handler                              0x004007bd   Thumb Code     0  startup_sam.o(i.Dummy_Handler)
    SDRAMC_Handler                           0x004007bd   Thumb Code     0  startup_sam.o(i.Dummy_Handler)
    SPI0_Handler                             0x004007bd   Thumb Code     0  startup_sam.o(i.Dummy_Handler)
    SPI1_Handler                             0x004007bd   Thumb Code     0  startup_sam.o(i.Dummy_Handler)
    SSC_Handler                              0x004007bd   Thumb Code     0  startup_sam.o(i.Dummy_Handler)
    SUPC_Handler                             0x004007bd   Thumb Code     0  startup_sam.o(i.Dummy_Handler)
    SVC_Handler                              0x004007bd   Thumb Code     0  startup_sam.o(i.Dummy_Handler)
    TC10_Handler                             0x004007bd   Thumb Code     0  startup_sam.o(i.Dummy_Handler)
    TC11_Handler                             0x004007bd   Thumb Code     0  startup_sam.o(i.Dummy_Handler)
    TC1_Handler                              0x004007bd   Thumb Code     0  startup_sam.o(i.Dummy_Handler)
    TC2_Handler                              0x004007bd   Thumb Code     0  startup_sam.o(i.Dummy_Handler)
    TC3_Handler                              0x004007bd   Thumb Code     0  startup_sam.o(i.Dummy_Handler)
    TC4_Handler                              0x004007bd   Thumb Code     0  startup_sam.o(i.Dummy_Handler)
    TC5_Handler                              0x004007bd   Thumb Code     0  startup_sam.o(i.Dummy_Handler)
    TC6_Handler                              0x004007bd   Thumb Code     0  startup_sam.o(i.Dummy_Handler)
    TC7_Handler                              0x004007bd   Thumb Code     0  startup_sam.o(i.Dummy_Handler)
    TC8_Handler                              0x004007bd   Thumb Code     0  startup_sam.o(i.Dummy_Handler)
    TC9_Handler                              0x004007bd   Thumb Code     0  startup_sam.o(i.Dummy_Handler)
    TRNG_Handler                             0x004007bd   Thumb Code     0  startup_sam.o(i.Dummy_Handler)
    TWIHS0_Handler                           0x004007bd   Thumb Code     0  startup_sam.o(i.Dummy_Handler)
    TWIHS1_Handler                           0x004007bd   Thumb Code     0  startup_sam.o(i.Dummy_Handler)
    TWIHS2_Handler                           0x004007bd   Thumb Code     0  startup_sam.o(i.Dummy_Handler)
    UART0_Handler                            0x004007bd   Thumb Code     0  startup_sam.o(i.Dummy_Handler)
    UART1_Handler                            0x004007bd   Thumb Code     0  startup_sam.o(i.Dummy_Handler)
    UART2_Handler                            0x004007bd   Thumb Code     0  startup_sam.o(i.Dummy_Handler)
    UART3_Handler                            0x004007bd   Thumb Code     0  startup_sam.o(i.Dummy_Handler)
    UART4_Handler                            0x004007bd   Thumb Code     0  startup_sam.o(i.Dummy_Handler)
    USART0_Handler                           0x004007bd   Thumb Code     0  startup_sam.o(i.Dummy_Handler)
    USART1_Handler                           0x004007bd   Thumb Code     0  startup_sam.o(i.Dummy_Handler)
    USART2_Handler                           0x004007bd   Thumb Code     0  startup_sam.o(i.Dummy_Handler)
    USBHS_Handler                            0x004007bd   Thumb Code     0  startup_sam.o(i.Dummy_Handler)
    WDT_Handler                              0x004007bd   Thumb Code     0  startup_sam.o(i.Dummy_Handler)
    XDMAC_Handler                            0x004007bd   Thumb Code     0  startup_sam.o(i.Dummy_Handler)
    HardFault_Handler                        0x004007e5   Thumb Code    54  exceptions.o(i.HardFault_Handler)
    LED_Configure                            0x004008b9   Thumb Code    28  led.o(i.LED_Configure)
    LED_Toggle                               0x004008d9   Thumb Code    60  led.o(i.LED_Toggle)
    LowLevelInit                             0x00400919   Thumb Code    12  board_lowlevel.o(i.LowLevelInit)
    MCAN0_Handler                            0x00400925   Thumb Code     2  main.o(i.MCAN0_Handler)
    MCAN0_Line1_Handler                      0x00400927   Thumb Code     2  main.o(i.MCAN0_Line1_Handler)
    MCAN1_Handler                            0x00400929   Thumb Code     2  main.o(i.MCAN1_Handler)
    MCAN1_Line1_Handler                      0x0040092d   Thumb Code   124  main.o(i.MCAN1_Line1_Handler)
    MCAN_AddToTxFifoQ                        0x004009c9   Thumb Code   176  mcan.o(i.MCAN_AddToTxFifoQ)
    MCAN_ConfigRxBufferFilter                0x00400a81   Thumb Code    74  mcan.o(i.MCAN_ConfigRxBufferFilter)
    MCAN_ConfigRxClassicFilter               0x00400acb   Thumb Code   144  mcan.o(i.MCAN_ConfigRxClassicFilter)
    MCAN_ConfigTxDedBuffer                   0x00400b5d   Thumb Code    70  mcan.o(i.MCAN_ConfigTxDedBuffer)
    MCAN_Enable                              0x00400ba9   Thumb Code    12  mcan.o(i.MCAN_Enable)
    MCAN_GetRxDedBuffer                      0x00400bb5   Thumb Code   168  mcan.o(i.MCAN_GetRxDedBuffer)
    MCAN_GetRxFifoBuffer                     0x00400c61   Thumb Code   184  mcan.o(i.MCAN_GetRxFifoBuffer)
    MCAN_IEnableMessageStoredToRxDedBuffer   0x00400d1d   Thumb Code    56  mcan.o(i.MCAN_IEnableMessageStoredToRxDedBuffer)
    MCAN_Init                                0x00400d55   Thumb Code   508  mcan.o(i.MCAN_Init)
    MCAN_InitFdBitRateSwitchEnable           0x00400f6d   Thumb Code    16  mcan.o(i.MCAN_InitFdBitRateSwitchEnable)
    MCAN_InitLoopback                        0x00400f7d   Thumb Code    22  mcan.o(i.MCAN_InitLoopback)
    MCAN_InitTxQueue                         0x00400f93   Thumb Code    16  mcan.o(i.MCAN_InitTxQueue)
    MCAN_IsBufferTxd                         0x00400fa3   Thumb Code    20  mcan.o(i.MCAN_IsBufferTxd)
    MCAN_IsNewDataInRxDedBuffer              0x00400fb7   Thumb Code    50  mcan.o(i.MCAN_IsNewDataInRxDedBuffer)
    MCAN_SendTxDedBuffer                     0x00400fe9   Thumb Code    18  mcan.o(i.MCAN_SendTxDedBuffer)
    MPU_CalMPURegionSize                     0x00400ffb   Thumb Code    28  mpu.o(i.MPU_CalMPURegionSize)
    MPU_Enable                               0x00401019   Thumb Code     6  mpu.o(i.MPU_Enable)
    MPU_SetRegion                            0x00401025   Thumb Code    10  mpu.o(i.MPU_SetRegion)
    MemManage_Handler                        0x00401035   Thumb Code    52  exceptions.o(i.MemManage_Handler)
    NMI_Handler                              0x00401099   Thumb Code    10  exceptions.o(i.NMI_Handler)
    PIOA_Handler                             0x004010f1   Thumb Code    12  pio_it.o(i.PIOA_Handler)
    PIOB_Handler                             0x00401101   Thumb Code    12  pio_it.o(i.PIOB_Handler)
    PIOC_Handler                             0x00401111   Thumb Code    12  pio_it.o(i.PIOC_Handler)
    PIOD_Handler                             0x00401121   Thumb Code    12  pio_it.o(i.PIOD_Handler)
    PIOE_Handler                             0x00401131   Thumb Code    12  pio_it.o(i.PIOE_Handler)
    PIO_Clear                                0x00401141   Thumb Code     8  pio.o(i.PIO_Clear)
    PIO_Configure                            0x00401149   Thumb Code   166  pio.o(i.PIO_Configure)
    PIO_Get                                  0x004011ef   Thumb Code    38  pio.o(i.PIO_Get)
    PIO_GetOutputDataStatus                  0x00401215   Thumb Code    20  pio.o(i.PIO_GetOutputDataStatus)
    PIO_Set                                  0x00401229   Thumb Code     8  pio.o(i.PIO_Set)
    PIO_SetDebounceFilter                    0x00401231   Thumb Code    32  pio.o(i.PIO_SetDebounceFilter)
    PMC_EnablePeripheral                     0x0040133d   Thumb Code    88  pmc.o(i.PMC_EnablePeripheral)
    PioInterruptHandler                      0x004013d1   Thumb Code   100  pio_it.o(i.PioInterruptHandler)
    Reset_Handler                            0x00401481   Thumb Code   126  startup_sam.o(i.Reset_Handler)
    SysTick_Handler                          0x00401609   Thumb Code    66  timetick.o(i.SysTick_Handler)
    SystemCoreClockUpdate                    0x00401659   Thumb Code   320  system_same70.o(i.SystemCoreClockUpdate)
    SystemInit                               0x004017ad   Thumb Code   206  system_same70.o(i.SystemInit)
    TC0_Handler                              0x0040189d   Thumb Code    16  main.o(i.TC0_Handler)
    TC_Configure                             0x004018b5   Thumb Code    46  tc.o(i.TC_Configure)
    TC_FindMckDivisor                        0x00401915   Thumb Code   110  tc.o(i.TC_FindMckDivisor)
    TC_Start                                 0x00401989   Thumb Code    32  tc.o(i.TC_Start)
    TimeTick_Configure                       0x004019d9   Thumb Code   164  timetick.o(i.TimeTick_Configure)
    UsageFault_Handler                       0x00401af1   Thumb Code    52  exceptions.o(i.UsageFault_Handler)
    WDT_Disable                              0x00401b45   Thumb Code     8  wdt.o(i.WDT_Disable)
    _SetupMemoryRegion                       0x00401bc1   Thumb Code   284  board_lowlevel.o(i._SetupMemoryRegion)
    __assert_puts                            0x00401d25   Thumb Code    14  retarget.o(i.__assert_puts)
    _is_digit                                0x00401d39   Thumb Code    14  __printf_wp.o(i._is_digit)
    _sys_exit                                0x00401d47   Thumb Code     4  retarget.o(i._sys_exit)
    _ttywrch                                 0x00401d4b   Thumb Code    12  retarget.o(i._ttywrch)
    ferror                                   0x00401d57   Thumb Code     8  retarget.o(i.ferror)
    fputc                                    0x00401d61   Thumb Code    34  retarget.o(i.fputc)
    main                                     0x00401d8d   Thumb Code   582  main.o(i.main)
    mcan0Config                              0x004021d4   Data          92  mcan.o(.constdata)
    mcan1Config                              0x00402230   Data          92  mcan.o(.constdata)
    Region$$Table$$Base                      0x00402330   Number         0  anon$$obj.o(Region$$Table)
    Region$$Table$$Limit                     0x00402350   Number         0  anon$$obj.o(Region$$Table)
    tick                                     0x20400005   Data           1  main.o(.data)
    txdCntr                                  0x20400008   Data           4  main.o(.data)
    rxdCntr                                  0x2040000c   Data           4  main.o(.data)
    rxFifoCntr                               0x20400010   Data           4  main.o(.data)
    txMailbox0                               0x20400014   Data           4  main.o(.data)
    txMailbox1                               0x20400018   Data           4  main.o(.data)
    txData                                   0x2040001c   Data           8  main.o(.data)
    __stdout                                 0x20400050   Data           4  retarget.o(.data)
    __stderr                                 0x20400054   Data           4  retarget.o(.data)
    SystemCoreClock                          0x20400058   Data           4  system_same70.o(.data)
    rxMailbox0                               0x20400064   Data          20  main.o(.bss)
    rxMailbox1                               0x20400078   Data          20  main.o(.bss)
    rxMailbox2                               0x2040008c   Data          20  main.o(.bss)
    DelayTimer                               0x204000d8   Data          16  timetick.o(.bss)
    Image$$ARM_LIB_HEAP$$ZI$$Base            0x20400608   Number         0  anon$$obj.o ABSOLUTE
    Image$$ARM_LIB_HEAP$$ZI$$Limit           0x20401608   Number         0  anon$$obj.o ABSOLUTE
    Image$$ARM_LIB_STACK$$ZI$$Limit          0x20403608   Number         0  anon$$obj.o ABSOLUTE



==============================================================================

Memory Map of the image

  Image Entry point : 0x00400141

  Load Region LR_IROM1 (Base: 0x00400000, Size: 0x000023b8, Max: 0x00200000, ABSOLUTE)

    Execution Region Vector_region (Base: 0x00400000, Size: 0x00000140, Max: 0xffffffff, ABSOLUTE)

    Base Addr    Size         Type   Attr      Idx    E Section Name        Object

    0x00400000   0x00000140   Data   RO         1936    vectors             startup_sam.o


    Execution Region ROM (Base: 0x00400140, Size: 0x00002210, Max: 0xffffffff, ABSOLUTE)

    Base Addr    Size         Type   Attr      Idx    E Section Name        Object

    0x00400140   0x00000008   Code   RO         2772  * !!!main             c_w.l(__main.o)
    0x00400148   0x00000034   Code   RO         2951    !!!scatter          c_w.l(__scatter.o)
    0x0040017c   0x0000001a   Code   RO         2953    !!handler_copy      c_w.l(__scatter_copy.o)
    0x00400196   0x00000002   PAD
    0x00400198   0x0000001c   Code   RO         2955    !!handler_zi        c_w.l(__scatter_zi.o)
    0x004001b4   0x00000000   Code   RO         2767    .ARM.Collect$$_printf_percent$$00000000  c_w.l(_printf_percent.o)
    0x004001b4   0x00000006   Code   RO         2765    .ARM.Collect$$_printf_percent$$0000000C  c_w.l(_printf_x.o)
    0x004001ba   0x00000006   Code   RO         2764    .ARM.Collect$$_printf_percent$$00000014  c_w.l(_printf_s.o)
    0x004001c0   0x00000004   Code   RO         2781    .ARM.Collect$$_printf_percent$$00000017  c_w.l(_printf_percent_end.o)
    0x004001c4   0x00000002   Code   RO         2827    .ARM.Collect$$libinit$$00000000  c_w.l(libinit.o)
    0x004001c6   0x00000000   Code   RO         2840    .ARM.Collect$$libinit$$00000002  c_w.l(libinit2.o)
    0x004001c6   0x00000000   Code   RO         2842    .ARM.Collect$$libinit$$00000004  c_w.l(libinit2.o)
    0x004001c6   0x00000000   Code   RO         2845    .ARM.Collect$$libinit$$0000000A  c_w.l(libinit2.o)
    0x004001c6   0x00000000   Code   RO         2847    .ARM.Collect$$libinit$$0000000C  c_w.l(libinit2.o)
    0x004001c6   0x00000000   Code   RO         2849    .ARM.Collect$$libinit$$0000000E  c_w.l(libinit2.o)
    0x004001c6   0x00000000   Code   RO         2852    .ARM.Collect$$libinit$$00000011  c_w.l(libinit2.o)
    0x004001c6   0x00000000   Code   RO         2854    .ARM.Collect$$libinit$$00000013  c_w.l(libinit2.o)
    0x004001c6   0x00000000   Code   RO         2856    .ARM.Collect$$libinit$$00000015  c_w.l(libinit2.o)
    0x004001c6   0x00000000   Code   RO         2858    .ARM.Collect$$libinit$$00000017  c_w.l(libinit2.o)
    0x004001c6   0x00000000   Code   RO         2860    .ARM.Collect$$libinit$$00000019  c_w.l(libinit2.o)
    0x004001c6   0x00000000   Code   RO         2862    .ARM.Collect$$libinit$$0000001B  c_w.l(libinit2.o)
    0x004001c6   0x00000000   Code   RO         2864    .ARM.Collect$$libinit$$0000001D  c_w.l(libinit2.o)
    0x004001c6   0x00000000   Code   RO         2866    .ARM.Collect$$libinit$$0000001F  c_w.l(libinit2.o)
    0x004001c6   0x00000000   Code   RO         2868    .ARM.Collect$$libinit$$00000021  c_w.l(libinit2.o)
    0x004001c6   0x00000000   Code   RO         2870    .ARM.Collect$$libinit$$00000023  c_w.l(libinit2.o)
    0x004001c6   0x00000000   Code   RO         2872    .ARM.Collect$$libinit$$00000025  c_w.l(libinit2.o)
    0x004001c6   0x00000000   Code   RO         2876    .ARM.Collect$$libinit$$0000002C  c_w.l(libinit2.o)
    0x004001c6   0x00000000   Code   RO         2878    .ARM.Collect$$libinit$$0000002E  c_w.l(libinit2.o)
    0x004001c6   0x00000000   Code   RO         2880    .ARM.Collect$$libinit$$00000030  c_w.l(libinit2.o)
    0x004001c6   0x00000000   Code   RO         2882    .ARM.Collect$$libinit$$00000032  c_w.l(libinit2.o)
    0x004001c6   0x00000002   Code   RO         2883    .ARM.Collect$$libinit$$00000033  c_w.l(libinit2.o)
    0x004001c8   0x00000002   Code   RO         2924    .ARM.Collect$$libshutdown$$00000000  c_w.l(libshutdown.o)
    0x004001ca   0x00000000   Code   RO         2934    .ARM.Collect$$libshutdown$$00000002  c_w.l(libshutdown2.o)
    0x004001ca   0x00000000   Code   RO         2936    .ARM.Collect$$libshutdown$$00000004  c_w.l(libshutdown2.o)
    0x004001ca   0x00000000   Code   RO         2939    .ARM.Collect$$libshutdown$$00000007  c_w.l(libshutdown2.o)
    0x004001ca   0x00000000   Code   RO         2942    .ARM.Collect$$libshutdown$$0000000A  c_w.l(libshutdown2.o)
    0x004001ca   0x00000000   Code   RO         2944    .ARM.Collect$$libshutdown$$0000000C  c_w.l(libshutdown2.o)
    0x004001ca   0x00000000   Code   RO         2947    .ARM.Collect$$libshutdown$$0000000F  c_w.l(libshutdown2.o)
    0x004001ca   0x00000002   Code   RO         2948    .ARM.Collect$$libshutdown$$00000010  c_w.l(libshutdown2.o)
    0x004001cc   0x00000000   Code   RO         2774    .ARM.Collect$$rtentry$$00000000  c_w.l(__rtentry.o)
    0x004001cc   0x00000000   Code   RO         2785    .ARM.Collect$$rtentry$$00000002  c_w.l(__rtentry2.o)
    0x004001cc   0x00000004   Code   RO         2799    .ARM.Collect$$rtentry$$00000007  c_w.l(__rtentry7.o)
    0x004001d0   0x00000000   Code   RO         2787    .ARM.Collect$$rtentry$$00000009  c_w.l(__rtentry2.o)
    0x004001d0   0x00000004   Code   RO         2788    .ARM.Collect$$rtentry$$0000000A  c_w.l(__rtentry2.o)
    0x004001d4   0x00000000   Code   RO         2790    .ARM.Collect$$rtentry$$0000000C  c_w.l(__rtentry2.o)
    0x004001d4   0x00000008   Code   RO         2791    .ARM.Collect$$rtentry$$0000000D  c_w.l(__rtentry2.o)
    0x004001dc   0x00000004   Code   RO         2800    .ARM.Collect$$rtentry$$00002718  c_w.l(__rtentry7.o)
    0x004001e0   0x00000002   Code   RO         2833    .ARM.Collect$$rtexit$$00000000  c_w.l(rtexit.o)
    0x004001e2   0x00000000   Code   RO         2890    .ARM.Collect$$rtexit$$00000002  c_w.l(rtexit2.o)
    0x004001e2   0x00000004   Code   RO         2891    .ARM.Collect$$rtexit$$00000003  c_w.l(rtexit2.o)
    0x004001e6   0x00000006   Code   RO         2892    .ARM.Collect$$rtexit$$00000004  c_w.l(rtexit2.o)
    0x004001ec   0x00000002   Code   RO         2708    .text               c_w.l(use_no_semi.o)
    0x004001ee   0x00000002   PAD
    0x004001f0   0x00000018   Code   RO         2712    .text               c_w.l(noretval__2printf.o)
    0x00400208   0x00000052   Code   RO         2718    .text               c_w.l(_printf_str.o)
    0x0040025a   0x00000002   PAD
    0x0040025c   0x00000058   Code   RO         2725    .text               c_w.l(_printf_hex_int.o)
    0x004002b4   0x00000138   Code   RO         2755    .text               c_w.l(__printf_flags_wp.o)
    0x004003ec   0x00000080   Code   RO         2768    .text               c_w.l(assert.o)
    0x0040046c   0x00000064   Code   RO         2770    .text               c_w.l(rt_memcpy_w.o)
    0x004004d0   0x000000b2   Code   RO         2775    .text               c_w.l(_printf_intcommon.o)
    0x00400582   0x0000002c   Code   RO         2777    .text               c_w.l(_printf_char.o)
    0x004005ae   0x00000002   PAD
    0x004005b0   0x00000024   Code   RO         2779    .text               c_w.l(_printf_char_file.o)
    0x004005d4   0x00000016   Code   RO         2782    .text               c_w.l(abort.o)
    0x004005ea   0x00000002   PAD
    0x004005ec   0x00000030   Code   RO         2804    .text               c_w.l(_printf_char_common.o)
    0x0040061c   0x0000000e   Code   RO         2806    .text               c_w.l(defsig_abrt_outer.o)
    0x0040062a   0x00000012   Code   RO         2816    .text               c_w.l(exit.o)
    0x0040063c   0x0000000a   Code   RO         2818    .text               c_w.l(defsig_exit.o)
    0x00400646   0x00000002   PAD
    0x00400648   0x00000030   Code   RO         2820    .text               c_w.l(defsig_abrt_inner.o)
    0x00400678   0x00000032   Code   RO         2837    .text               c_w.l(defsig_general.o)
    0x004006aa   0x00000002   PAD
    0x004006ac   0x00000058   Code   RO          630    i.BusFault_Handler  exceptions.o
    0x00400704   0x00000078   Code   RO         2550    i.DBG_Configure     dbg_console.o
    0x0040077c   0x00000040   Code   RO         2558    i.DBG_PutChar       dbg_console.o
    0x004007bc   0x00000028   Code   RO         1935    i.Dummy_Handler     startup_sam.o
    0x004007e4   0x00000058   Code   RO          631    i.HardFault_Handler  exceptions.o
    0x0040083c   0x0000007c   Code   RO          632    i.HardFault_reason  exceptions.o
    0x004008b8   0x00000020   Code   RO         2638    i.LED_Configure     led.o
    0x004008d8   0x00000040   Code   RO         2640    i.LED_Toggle        led.o
    0x00400918   0x0000000c   Code   RO         2485    i.LowLevelInit      board_lowlevel.o
    0x00400924   0x00000002   Code   RO           11    i.MCAN0_Handler     main.o
    0x00400926   0x00000002   Code   RO           12    i.MCAN0_Line1_Handler  main.o
    0x00400928   0x00000002   Code   RO           13    i.MCAN1_Handler     main.o
    0x0040092a   0x00000002   PAD
    0x0040092c   0x0000009c   Code   RO           14    i.MCAN1_Line1_Handler  main.o
    0x004009c8   0x000000b8   Code   RO         2311    i.MCAN_AddToTxFifoQ  mcan.o
    0x00400a80   0x0000004a   Code   RO         2312    i.MCAN_ConfigRxBufferFilter  mcan.o
    0x00400aca   0x00000090   Code   RO         2313    i.MCAN_ConfigRxClassicFilter  mcan.o
    0x00400b5a   0x00000002   PAD
    0x00400b5c   0x0000004c   Code   RO         2314    i.MCAN_ConfigTxDedBuffer  mcan.o
    0x00400ba8   0x0000000c   Code   RO         2315    i.MCAN_Enable       mcan.o
    0x00400bb4   0x000000ac   Code   RO         2316    i.MCAN_GetRxDedBuffer  mcan.o
    0x00400c60   0x000000bc   Code   RO         2317    i.MCAN_GetRxFifoBuffer  mcan.o
    0x00400d1c   0x00000038   Code   RO         2318    i.MCAN_IEnableMessageStoredToRxDedBuffer  mcan.o
    0x00400d54   0x00000218   Code   RO         2319    i.MCAN_Init         mcan.o
    0x00400f6c   0x00000010   Code   RO         2320    i.MCAN_InitFdBitRateSwitchEnable  mcan.o
    0x00400f7c   0x00000016   Code   RO         2322    i.MCAN_InitLoopback  mcan.o
    0x00400f92   0x00000010   Code   RO         2323    i.MCAN_InitTxQueue  mcan.o
    0x00400fa2   0x00000014   Code   RO         2324    i.MCAN_IsBufferTxd  mcan.o
    0x00400fb6   0x00000032   Code   RO         2325    i.MCAN_IsNewDataInRxDedBuffer  mcan.o
    0x00400fe8   0x00000012   Code   RO         2331    i.MCAN_SendTxDedBuffer  mcan.o
    0x00400ffa   0x0000001c   Code   RO          698    i.MPU_CalMPURegionSize  mpu.o
    0x00401016   0x00000002   PAD
    0x00401018   0x0000000c   Code   RO          700    i.MPU_Enable        mpu.o
    0x00401024   0x00000010   Code   RO          701    i.MPU_SetRegion     mpu.o
    0x00401034   0x00000064   Code   RO          633    i.MemManage_Handler  exceptions.o
    0x00401098   0x00000028   Code   RO          634    i.NMI_Handler       exceptions.o
    0x004010c0   0x00000018   Code   RO         2332    i.NVIC_ClearPendingIRQ  mcan.o
    0x004010d8   0x00000016   Code   RO         2333    i.NVIC_EnableIRQ    mcan.o
    0x004010ee   0x00000002   PAD
    0x004010f0   0x00000010   Code   RO          868    i.PIOA_Handler      pio_it.o
    0x00401100   0x00000010   Code   RO          869    i.PIOB_Handler      pio_it.o
    0x00401110   0x00000010   Code   RO          870    i.PIOC_Handler      pio_it.o
    0x00401120   0x00000010   Code   RO          871    i.PIOD_Handler      pio_it.o
    0x00401130   0x00000010   Code   RO          872    i.PIOE_Handler      pio_it.o
    0x00401140   0x00000008   Code   RO          754    i.PIO_Clear         pio.o
    0x00401148   0x000000a6   Code   RO          755    i.PIO_Configure     pio.o
    0x004011ee   0x00000026   Code   RO          758    i.PIO_Get           pio.o
    0x00401214   0x00000014   Code   RO          759    i.PIO_GetOutputDataStatus  pio.o
    0x00401228   0x00000008   Code   RO          761    i.PIO_Set           pio.o
    0x00401230   0x00000020   Code   RO          762    i.PIO_SetDebounceFilter  pio.o
    0x00401250   0x00000036   Code   RO          763    i.PIO_SetInput      pio.o
    0x00401286   0x00000024   Code   RO          764    i.PIO_SetOutput     pio.o
    0x004012aa   0x00000028   Code   RO          765    i.PIO_SetPeripheralA  pio.o
    0x004012d2   0x00000024   Code   RO          766    i.PIO_SetPeripheralB  pio.o
    0x004012f6   0x00000024   Code   RO          767    i.PIO_SetPeripheralC  pio.o
    0x0040131a   0x00000020   Code   RO          768    i.PIO_SetPeripheralD  pio.o
    0x0040133a   0x00000002   PAD
    0x0040133c   0x00000094   Code   RO          984    i.PMC_EnablePeripheral  pmc.o
    0x004013d0   0x000000b0   Code   RO          877    i.PioInterruptHandler  pio_it.o
    0x00401480   0x00000098   Code   RO         1956    i.Reset_Handler     startup_sam.o
    0x00401518   0x0000004c   Code   RO         2334    i.SCB_CleanDCache_by_Addr  mcan.o
    0x00401564   0x0000009c   Code   RO           15    i.SCB_EnableDCache  main.o
    0x00401600   0x00000008   Code   RO          635    i.StackUnwind       exceptions.o
    0x00401608   0x00000050   Code   RO         1280    i.SysTick_Handler   timetick.o
    0x00401658   0x00000154   Code   RO         2257    i.SystemCoreClockUpdate  system_same70.o
    0x004017ac   0x000000f0   Code   RO         2258    i.SystemInit        system_same70.o
    0x0040189c   0x00000018   Code   RO           16    i.TC0_Handler       main.o
    0x004018b4   0x00000060   Code   RO         1230    i.TC_Configure      tc.o
    0x00401914   0x00000074   Code   RO         1231    i.TC_FindMckDivisor  tc.o
    0x00401988   0x00000050   Code   RO         1232    i.TC_Start          tc.o
    0x004019d8   0x00000118   Code   RO         1281    i.TimeTick_Configure  timetick.o
    0x00401af0   0x00000054   Code   RO          636    i.UsageFault_Handler  exceptions.o
    0x00401b44   0x00000008   Code   RO         1456    i.WDT_Disable       wdt.o
    0x00401b4c   0x00000074   Code   RO           17    i._ConfigureTc      main.o
    0x00401bc0   0x00000164   Code   RO         2486    i._SetupMemoryRegion  board_lowlevel.o
    0x00401d24   0x00000014   Code   RO         1880    i.__assert_puts     retarget.o
    0x00401d38   0x0000000e   Code   RO         2753    i._is_digit         c_w.l(__printf_wp.o)
    0x00401d46   0x00000004   Code   RO         1881    i._sys_exit         retarget.o
    0x00401d4a   0x0000000c   Code   RO         1882    i._ttywrch          retarget.o
    0x00401d56   0x00000008   Code   RO         1883    i.ferror            retarget.o
    0x00401d5e   0x00000002   PAD
    0x00401d60   0x0000002c   Code   RO         1884    i.fputc             retarget.o
    0x00401d8c   0x000003e8   Code   RO           18    i.main              main.o
    0x00402174   0x0000000c   Data   RO           20    .constdata          main.o
    0x00402180   0x00000014   Data   RO         1234    .constdata          tc.o
    0x00402194   0x000000f8   Data   RO         2336    .constdata          mcan.o
    0x0040228c   0x00000018   Data   RO         2561    .constdata          dbg_console.o
    0x004022a4   0x0000000c   Data   RO         2641    .constdata          led.o
    0x004022b0   0x00000028   Data   RO         2726    .constdata          c_w.l(_printf_hex_int.o)
    0x004022d8   0x00000011   Data   RO         2756    .constdata          c_w.l(__printf_flags_wp.o)
    0x004022e9   0x00000003   PAD
    0x004022ec   0x00000044   Data   RO         1235    .conststring        tc.o
    0x00402330   0x00000020   Data   RO         2949    Region$$Table       anon$$obj.o


    Execution Region RW_IRAM1 (Base: 0x20400000, Size: 0x00000608, Max: 0x0005d000, ABSOLUTE)

    Base Addr    Size         Type   Attr      Idx    E Section Name        Object

    0x20400000   0x00000024   Data   RW           21    .data               main.o
    0x20400024   0x0000000c   Data   RW          879    .data               pio_it.o
    0x20400030   0x00000018   Data   RW         1284    .data               timetick.o
    0x20400048   0x00000010   Data   RW         1885    .data               retarget.o
    0x20400058   0x00000004   Data   RW         2262    .data               system_same70.o
    0x2040005c   0x00000006   Data   RW         2562    .data               dbg_console.o
    0x20400062   0x00000002   PAD
    0x20400064   0x0000003c   Zero   RW           19    .bss                main.o
    0x204000a0   0x00000038   Zero   RW          878    .bss                pio_it.o
    0x204000d8   0x00000010   Zero   RW         1283    .bss                timetick.o
    0x204000e8   0x00000520   Zero   RW         2335    .bss                mcan.o


    Execution Region ARM_LIB_HEAP (Base: 0x20400608, Size: 0x00001000, Max: 0x00001000, ABSOLUTE)

    Base Addr    Size         Type   Attr      Idx    E Section Name        Object

    0x20400608   0x00001000   Zero   RW            1    ARM_LIB_HEAP.bss    anon$$obj.o


    Execution Region ARM_LIB_STACK (Base: 0x20401608, Size: 0x00002000, Max: 0x00002000, ABSOLUTE)

    Base Addr    Size         Type   Attr      Idx    E Section Name        Object

    0x20401608   0x00002000   Zero   RW            2    ARM_LIB_STACK.bss   anon$$obj.o


    Execution Region SDRAM (Base: 0x70000000, Size: 0x00000000, Max: 0x00200000, ABSOLUTE)

    **** No section assigned to this execution region ****


==============================================================================

Image component sizes


      Code (inc. data)   RO Data    RW Data    ZI Data      Debug   Object Name

       368         72          0          0          0       1256   board_lowlevel.o
       184         38         24          6          0       2534   dbg_console.o
       532        182          0          0          0       4166   exceptions.o
        96          8         12          0          0       1917   led.o
      1458        478         12         36         60     161548   main.o
      1706         60        248          0       1312      53051   mcan.o
        56         12          0          0          0       1732   mpu.o
       506          8          0          0          0       7894   pio.o
       256         96          0         12         56       4157   pio_it.o
       148         60          0          0          0        595   pmc.o
        88         16          0         16          0       5042   retarget.o
       192         56        320          0          0       2270   startup_sam.o
       580         54          0          4          0       1579   system_same70.o
       292        104         88          0          0       2702   tc.o
       360        130          0         24         16      34171   timetick.o
         8          0          0          0          0        906   wdt.o

    ----------------------------------------------------------------------
      6842       1374        736        100      13732     285520   Object Totals
         0          0         32          0      12288          0   (incl. Generated)
        12          0          0          2          0          0   (incl. Padding)

    ----------------------------------------------------------------------

      Code (inc. data)   RO Data    RW Data    ZI Data      Debug   Library Member Name

         8          0          0          0          0         68   __main.o
       312          4         17          0          0         92   __printf_flags_wp.o
        14          0          0          0          0         68   __printf_wp.o
         0          0          0          0          0          0   __rtentry.o
        12          0          0          0          0          0   __rtentry2.o
         8          4          0          0          0          0   __rtentry7.o
        52          8          0          0          0          0   __scatter.o
        26          0          0          0          0          0   __scatter_copy.o
        28          0          0          0          0          0   __scatter_zi.o
        44          0          0          0          0        108   _printf_char.o
        48          6          0          0          0         96   _printf_char_common.o
        36          4          0          0          0         80   _printf_char_file.o
        88          4         40          0          0         88   _printf_hex_int.o
       178          0          0          0          0         88   _printf_intcommon.o
         0          0          0          0          0          0   _printf_percent.o
         4          0          0          0          0          0   _printf_percent_end.o
         6          0          0          0          0          0   _printf_s.o
        82          0          0          0          0         80   _printf_str.o
         6          0          0          0          0          0   _printf_x.o
        22          0          0          0          0         80   abort.o
       128         42          0          0          0         76   assert.o
        48         34          0          0          0         76   defsig_abrt_inner.o
        14          0          0          0          0         80   defsig_abrt_outer.o
        10          0          0          0          0         68   defsig_exit.o
        50          0          0          0          0         88   defsig_general.o
        18          0          0          0          0         80   exit.o
         2          0          0          0          0          0   libinit.o
         2          0          0          0          0          0   libinit2.o
         2          0          0          0          0          0   libshutdown.o
         2          0          0          0          0          0   libshutdown2.o
        24          4          0          0          0         84   noretval__2printf.o
       100          0          0          0          0         80   rt_memcpy_w.o
         2          0          0          0          0          0   rtexit.o
        10          0          0          0          0          0   rtexit2.o
         2          0          0          0          0         68   use_no_semi.o

    ----------------------------------------------------------------------
      1402        110         60          0          0       1548   Library Totals
        14          0          3          0          0          0   (incl. Padding)

    ----------------------------------------------------------------------

      Code (inc. data)   RO Data    RW Data    ZI Data      Debug   Library Name

      1388        110         57          0          0       1548   c_w.l

    ----------------------------------------------------------------------
      1402        110         60          0          0       1548   Library Totals

    ----------------------------------------------------------------------

==============================================================================


      Code (inc. data)   RO Data    RW Data    ZI Data      Debug   

      8244       1484        796        100      13732     282696   Grand Totals
      8244       1484        796        100      13732     282696   ELF Image Totals
      8244       1484        796        100          0          0   ROM Totals

==============================================================================

    Total RO  Size (Code + RO Data)                 9040 (   8.83kB)
    Total RW  Size (RW Data + ZI Data)             13832 (  13.51kB)
    Total ROM Size (Code + RO Data + RW Data)       9140 (   8.93kB)

==============================================================================

